 ray

 Timestamp is 5bf2c6b7 (Mon Nov 19 22:20:39 2018)

 Preferred load address is 00400000

 Start         Length     Name                   Class
 0001:00000000 0004ec0dH .text                   CODE
 0001:0004ec0d 00000013H .text$di                CODE
 0001:0004ec20 0003a260H .text$mn                CODE
 0001:00088e80 00003710H .text$x                 CODE
 0001:0008c590 00000130H .text$yc                CODE
 0001:0008c6c0 00000969H .text$yd                CODE
 0002:00000000 00000700H .idata$5                DATA
 0002:00000700 00000004H .00cfg                  DATA
 0002:00000704 00000004H .CRT$XCA                DATA
 0002:00000708 00000004H .CRT$XCAA               DATA
 0002:0000070c 00000004H .CRT$XCL                DATA
 0002:00000710 00000024H .CRT$XCU                DATA
 0002:00000734 00000004H .CRT$XCZ                DATA
 0002:00000738 00000004H .CRT$XIA                DATA
 0002:0000073c 00000004H .CRT$XIAA               DATA
 0002:00000740 00000004H .CRT$XIAC               DATA
 0002:00000744 00000004H .CRT$XIC                DATA
 0002:00000748 00000004H .CRT$XIZ                DATA
 0002:0000074c 00000004H .CRT$XLA                DATA
 0002:00000750 00000004H .CRT$XLZ                DATA
 0002:00000754 00000004H .CRT$XPA                DATA
 0002:00000758 00000004H .CRT$XPZ                DATA
 0002:0000075c 00000004H .CRT$XTA                DATA
 0002:00000760 00000010H .CRT$XTZ                DATA
 0002:00000764 00000000H .gfids$y                DATA
 0002:00000770 00024594H .rdata                  DATA
 0002:00024d04 00000018H .rdata$T                DATA
 0002:00024d1c 00001ad4H .rdata$r                DATA
 0002:000267f0 00000384H .rdata$sxdata           DATA
 0002:00026b74 000003e0H .rdata$zzzdbg           DATA
 0002:00026f54 00000004H .rtc$IAA                DATA
 0002:00026f58 00000004H .rtc$IZZ                DATA
 0002:00026f5c 00000004H .rtc$TAA                DATA
 0002:00026f60 00000004H .rtc$TZZ                DATA
 0002:00026f64 00000004H .tls                    DATA
 0002:00026f68 00000004H .tls$                   DATA
 0002:00026f6c 00000004H .tls$ZZZ                DATA
 0002:00026f70 0000382cH .xdata$x                DATA
 0002:0002a79c 00000000H .edata                  DATA
 0002:0002a79c 000001ccH .idata$2                DATA
 0002:0002a968 00000014H .idata$3                DATA
 0002:0002a97c 00000700H .idata$4                DATA
 0002:0002b07c 000024feH .idata$6                DATA
 0003:00000000 00002c58H .data                   DATA
 0003:00002c58 00000788H .data$r                 DATA
 0003:000033e0 00004450H .bss                    DATA
 0004:00000000 00000060H .rsrc$01                DATA
 0004:00000060 00000180H .rsrc$02                DATA

  Address         Publics by Value              Rva+Base       Lib:Object

 0000:00000000       ___guard_fids_table        00000000     <absolute>
 0000:00000000       ___hybrid_code_map_count   00000000     <absolute>
 0000:00000000       ___guard_longjmp_count     00000000     <absolute>
 0000:00000000       ___guard_iat_count         00000000     <absolute>
 0000:00000000       ___volatile_metadata       00000000     <absolute>
 0000:00000000       ___guard_fids_count        00000000     <absolute>
 0000:00000000       ___guard_longjmp_table     00000000     <absolute>
 0000:00000000       ___dynamic_value_reloc_table 00000000     <absolute>
 0000:00000000       ___hybrid_code_map         00000000     <absolute>
 0000:00000000       ___hybrid_auxiliary_iat    00000000     <absolute>
 0000:00000000       ___guard_iat_table         00000000     <absolute>
 0000:00000000       ___enclave_config          00000000     <absolute>
 0000:0000002c       __tls_array                0000002c     <absolute>
 0000:000000e1       ___safe_se_handler_count   000000e1     <absolute>
 0000:00000100       ___guard_flags             00000100     <absolute>
 0000:00000000       ___ImageBase               00400000     <linker-defined>
 0001:00000000       ?version@Fl@@SANXZ         00401000 f   fltk:Fl.obj
 0001:00000010       ?event_inside@Fl@@SAHHHHH@Z 00401010 f   fltk:Fl.obj
 0001:00000060       ?event_inside@Fl@@SAHPBVFl_Widget@@@Z 00401060 f   fltk:Fl.obj
 0001:000000d0       ?add_check@Fl@@SAXP6AXPAX@Z0@Z 004010d0 f   fltk:Fl.obj
 0001:00000150       ?remove_check@Fl@@SAXP6AXPAX@Z0@Z 00401150 f   fltk:Fl.obj
 0001:000001d0       ?has_check@Fl@@SAHP6AXPAX@Z0@Z 004011d0 f   fltk:Fl.obj
 0001:00000220       ?wait@Fl@@SANN@Z           00401220 f   fltk:Fl.obj
 0001:00000250       ?run@Fl@@SAHXZ             00401250 f   fltk:Fl.obj
 0001:00000280       ?wait@Fl@@SAHXZ            00401280 f   fltk:Fl.obj
 0001:000002c0       ?check@Fl@@SAHXZ           004012c0 f   fltk:Fl.obj
 0001:000002f0       ?ready@Fl@@SAHXZ           004012f0 f   fltk:Fl.obj
 0001:00000300       ?fl_find@@YAPAVFl_Window@@PAUHWND__@@@Z 00401300 f   fltk:Fl.obj
 0001:00000380       ?first_window@Fl@@SAPAVFl_Window@@XZ 00401380 f   fltk:Fl.obj
 0001:000003b0       ?next_window@Fl@@SAPAVFl_Window@@PBV2@@Z 004013b0 f   fltk:Fl.obj
 0001:000003f0       ?first_window@Fl@@SAXPAVFl_Window@@@Z 004013f0 f   fltk:Fl.obj
 0001:00000440       ?redraw@Fl@@SAXXZ          00401440 f   fltk:Fl.obj
 0001:00000470       ?flush@Fl@@SAXXZ           00401470 f   fltk:Fl.obj
 0001:00000540       ?add_handler@Fl@@SAXP6AHH@Z@Z 00401540 f   fltk:Fl.obj
 0001:00000580       ?remove_handler@Fl@@SAXP6AHH@Z@Z 00401580 f   fltk:Fl.obj
 0001:00000600       ?focus@Fl@@SAXPAVFl_Widget@@@Z 00401600 f   fltk:Fl.obj
 0001:000006f0       ?belowmouse@Fl@@SAXPAVFl_Widget@@@Z 004016f0 f   fltk:Fl.obj
 0001:00000780       ?pushed@Fl@@SAXPAVFl_Widget@@@Z 00401780 f   fltk:Fl.obj
 0001:000007a0       ?fl_fix_focus@@YAXXZ       004017a0 f   fltk:Fl.obj
 0001:00000980       ?fl_throw_focus@@YAXPAVFl_Widget@@@Z 00401980 f   fltk:Fl.obj
 0001:00000a50       ?handle@Fl@@SAHHPAVFl_Window@@@Z 00401a50 f   fltk:Fl.obj
 0001:000012b0       ?hide@Fl_Window@@UAEXXZ    004022b0 f   fltk:Fl.obj
 0001:00001570       ??1Fl_Window@@UAE@XZ       00402570 f   fltk:Fl.obj
 0001:000015d0       ?handle@Fl_Window@@UAEHH@Z 004025d0 f   fltk:Fl.obj
 0001:00001700       ?selection_owner@Fl@@SAXPAVFl_Widget@@@Z 00402700 f   fltk:Fl.obj
 0001:00001710       ?selection@Fl@@SAXAAVFl_Widget@@PBDH@Z 00402710 f   fltk:Fl.obj
 0001:00001730       ?paste@Fl@@SAXAAVFl_Widget@@@Z 00402730 f   fltk:Fl.obj
 0001:00001750       ?redraw@Fl_Widget@@QAEXXZ  00402750 f   fltk:Fl.obj
 0001:00001770       ?redraw_label@Fl_Widget@@QAEXXZ 00402770 f   fltk:Fl.obj
 0001:00001a20       ?damage@Fl_Widget@@QAEXE@Z 00402a20 f   fltk:Fl.obj
 0001:00001ae0       ?damage@Fl_Widget@@QAEXEHHHH@Z 00402ae0 f   fltk:Fl.obj
 0001:00001cc0       ?flush@Fl_Window@@MAEXXZ   00402cc0 f   fltk:Fl.obj
 0001:00001d00       ?add_fd@Fl@@SAXHHP6AXHPAX@Z0@Z 00402d00 f   fltk:Fl.obj
 0001:00001e70       ?add_fd@Fl@@SAXHP6AXHPAX@Z0@Z 00402e70 f   fltk:Fl.obj
 0001:00001e90       ?remove_fd@Fl@@SAXHH@Z     00402e90 f   fltk:Fl.obj
 0001:000020d0       ?remove_fd@Fl@@SAXH@Z      004030d0 f   fltk:Fl.obj
 0001:00002100       ?thread_message@Fl@@SAPAXXZ 00403100 f   fltk:Fl.obj
 0001:00002120       ?fl_wait@@YAHN@Z           00403120 f   fltk:Fl.obj
 0001:000024f0       ?fl_ready@@YAHXZ           004034f0 f   fltk:Fl.obj
 0001:000025a0       ?x@Fl@@SAHXZ               004035a0 f   fltk:Fl.obj
 0001:000025e0       ?y@Fl@@SAHXZ               004035e0 f   fltk:Fl.obj
 0001:00002620       ?h@Fl@@SAHXZ               00403620 f   fltk:Fl.obj
 0001:00002660       ?w@Fl@@SAHXZ               00403660 f   fltk:Fl.obj
 0001:000026a0       ?get_mouse@Fl@@SAXAAH0@Z   004036a0 f   fltk:Fl.obj
 0001:000026d0       ?copy@Fl@@SAXPBDHH@Z       004036d0 f   fltk:Fl.obj
 0001:00002850       ?paste@Fl@@SAXAAVFl_Widget@@H@Z 00403850 f   fltk:Fl.obj
 0001:00002a20       ?fake_X_wm@Fl_X@@SAHPBVFl_Window@@AAH1111@Z 00403a20 f   fltk:Fl.obj
 0001:00002e90       ?resize@Fl_Window@@UAEXHHHH@Z 00403e90 f   fltk:Fl.obj
 0001:00003100       ?make@Fl_X@@SAPAV1@PAVFl_Window@@@Z 00404100 f   fltk:Fl.obj
 0001:00004b90       ?add_timeout@Fl@@SAXNP6AXPAX@Z0@Z 00405b90 f   fltk:Fl.obj
 0001:00004bb0       ?repeat_timeout@Fl@@SAXNP6AXPAX@Z0@Z 00405bb0 f   fltk:Fl.obj
 0001:00004f00       ?has_timeout@Fl@@SAHP6AXPAX@Z0@Z 00405f00 f   fltk:Fl.obj
 0001:00004f60       ?remove_timeout@Fl@@SAXP6AXPAX@Z0@Z 00405f60 f   fltk:Fl.obj
 0001:00004fd0       ?size_range_@Fl_Window@@AAEXXZ 00405fd0 f   fltk:Fl.obj
 0001:00004ff0       ?set_minmax@Fl_X@@QAEXPAUtagMINMAXINFO@@@Z 00405ff0 f   fltk:Fl.obj
 0001:000050d0       ?fl_filename_name@@YAPBDPBD@Z 004060d0 f   fltk:Fl.obj
 0001:00005150       ?label@Fl_Window@@QAEXPBD0@Z 00406150 f   fltk:Fl.obj
 0001:000051c0       ?show@Fl_Window@@UAEXXZ    004061c0 f   fltk:Fl.obj
 0001:00005270       ?fl_GetDC@@YAPAUHDC__@@PAUHWND__@@@Z 00406270 f   fltk:Fl.obj
 0001:00005310       ?make_current@Fl_Window@@QAEXXZ 00406310 f   fltk:Fl.obj
 0001:00005370       ?fl_free_fonts@@YAXXZ      00406370 f   fltk:Fl.obj
 0001:00005420       ?fl_save_dc@@YAXPAUHWND__@@PAUHDC__@@@Z 00406420 f   fltk:Fl.obj
 0001:00005490       ?fl_release_dc@@YAXPAUHWND__@@PAUHDC__@@@Z 00406490 f   fltk:Fl.obj
 0001:00005530       ?fl_cleanup_dc_list@@YAXXZ 00406530 f   fltk:Fl.obj
 0001:000055a0       ?delete_widget@Fl@@SAXPAVFl_Widget@@@Z 004065a0 f   fltk:Fl.obj
 0001:00005660       ?do_widget_deletion@Fl@@SAXXZ 00406660 f   fltk:Fl.obj
 0001:000056e0       ?watch_widget_pointer@Fl@@SAXAAPAVFl_Widget@@@Z 004066e0 f   fltk:Fl.obj
 0001:000057c0       ?release_widget_pointer@Fl@@SAXAAPAVFl_Widget@@@Z 004067c0 f   fltk:Fl.obj
 0001:00005820       ?clear_widget_pointer@Fl@@SAXPBVFl_Widget@@@Z 00406820 f   fltk:Fl.obj
 0001:00005890       ??_EFl_Window@@UAEPAXI@Z   00406890 f i fltk:Fl.obj
 0001:00005890       ??_GFl_Window@@UAEPAXI@Z   00406890 f i fltk:Fl.obj
 0001:000058c0       ??0Lf2CrlfConvert@@QAE@PBDH@Z 004068c0 f i fltk:Fl.obj
 0001:00005a70       ??1Lf2CrlfConvert@@QAE@XZ  00406a70 f i fltk:Fl.obj
 0001:00005aa0       ?add_name@NameList@@QAEXPBD@Z 00406aa0 f i fltk:Fl.obj
 0001:00005b20       ??1NameList@@QAE@XZ        00406b20 f i fltk:Fl.obj
 0001:00005b80       ?_Fl_Window@Fl_Window@@AAEXXZ 00406b80 f   fltk:Fl_Window.obj
 0001:00005c40       ??0Fl_Window@@QAE@HHHHPBD@Z 00406c40 f   fltk:Fl_Window.obj
 0001:00005cf0       ??0Fl_Window@@QAE@HHPBD@Z  00406cf0 f   fltk:Fl_Window.obj
 0001:00005da0       ?window@Fl_Widget@@QBEPAVFl_Window@@XZ 00406da0 f   fltk:Fl_Window.obj
 0001:00005df0       ?x_root@Fl_Window@@QBEHXZ  00406df0 f   fltk:Fl_Window.obj
 0001:00005e30       ?y_root@Fl_Window@@QBEHXZ  00406e30 f   fltk:Fl_Window.obj
 0001:00005e70       ?draw@Fl_Window@@MAEXXZ    00406e70 f   fltk:Fl_Window.obj
 0001:00005f20       ?label@Fl_Window@@QAEXPBD@Z 00406f20 f   fltk:Fl_Window.obj
 0001:00005f50       ?copy_label@Fl_Window@@QAEXPBD@Z 00406f50 f   fltk:Fl_Window.obj
 0001:00005fe0       ?iconlabel@Fl_Window@@QAEXPBD@Z 00406fe0 f   fltk:Fl_Window.obj
 0001:00006030       ?default_atclose@Fl@@SAXPAVFl_Window@@PAX@Z 00407030 f   fltk:Fl_Window.obj
 0001:00006060       ?default_callback@Fl_Window@@SAXPAV1@PAX@Z 00407060 f   fltk:Fl_Window.obj
 0001:00006080       ?current@Fl_Window@@SAPAV1@XZ 00407080 f   fltk:Fl_Window.obj
 0001:00006090       ?default_callback@Fl_Widget@@SAXPAV1@PAX@Z 00407090 f   fltk:Fl_Widget.obj
 0001:00006100       ?readqueue@Fl@@SAPAVFl_Widget@@XZ 00407100 f   fltk:Fl_Widget.obj
 0001:00006150       ?handle@Fl_Widget@@UAEHH@Z 00407150 f   fltk:Fl_Widget.obj
 0001:00006160       ??0Fl_Widget@@IAE@HHHHPBD@Z 00407160 f   fltk:Fl_Widget.obj
 0001:00006270       ?resize@Fl_Widget@@UAEXHHHH@Z 00407270 f   fltk:Fl_Widget.obj
 0001:000062b0       ?damage_resize@Fl_Widget@@QAEHHHHH@Z 004072b0 f   fltk:Fl_Widget.obj
 0001:00006320       ?take_focus@Fl_Widget@@QAEHXZ 00407320 f   fltk:Fl_Widget.obj
 0001:000063a0       ??1Fl_Widget@@UAE@XZ       004073a0 f   fltk:Fl_Widget.obj
 0001:000064d0       ?draw_focus@Fl_Widget@@IBEXW4Fl_Boxtype@@HHHH@Z 004074d0 f   fltk:Fl_Widget.obj
 0001:000066b0       ?activate@Fl_Widget@@QAEXXZ 004076b0 f   fltk:Fl_Widget.obj
 0001:00006750       ?deactivate@Fl_Widget@@QAEXXZ 00407750 f   fltk:Fl_Widget.obj
 0001:000067c0       ?active_r@Fl_Widget@@QBEHXZ 004077c0 f   fltk:Fl_Widget.obj
 0001:00006810       ?show@Fl_Widget@@QAEXXZ    00407810 f   fltk:Fl_Widget.obj
 0001:000068b0       ?hide@Fl_Widget@@QAEXXZ    004078b0 f   fltk:Fl_Widget.obj
 0001:00006950       ?visible_r@Fl_Widget@@QBEHXZ 00407950 f   fltk:Fl_Widget.obj
 0001:000069a0       ?contains@Fl_Widget@@QBEHPBV1@@Z 004079a0 f   fltk:Fl_Widget.obj
 0001:000069e0       ?label@Fl_Widget@@QAEXPBD@Z 004079e0 f   fltk:Fl_Widget.obj
 0001:00006a50       ?copy_label@Fl_Widget@@QAEXPBD@Z 00407a50 f   fltk:Fl_Widget.obj
 0001:00006ae0       ??_EFl_Widget@@UAEPAXI@Z   00407ae0 f i fltk:Fl_Widget.obj
 0001:00006ae0       ??_GFl_Widget@@UAEPAXI@Z   00407ae0 f i fltk:Fl_Widget.obj
 0001:00006b10       ?array@Fl_Group@@QBEPBQAVFl_Widget@@XZ 00407b10 f   fltk:Fl_Group.obj
 0001:00006b40       ?find@Fl_Group@@QBEHPBVFl_Widget@@@Z 00407b40 f   fltk:Fl_Group.obj
 0001:00006ba0       ?begin@Fl_Group@@QAEXXZ    00407ba0 f   fltk:Fl_Group.obj
 0001:00006bc0       ?end@Fl_Group@@QAEXXZ      00407bc0 f   fltk:Fl_Group.obj
 0001:00006be0       ?current@Fl_Group@@SAPAV1@XZ 00407be0 f   fltk:Fl_Group.obj
 0001:00006bf0       ?current@Fl_Group@@SAXPAV1@@Z 00407bf0 f   fltk:Fl_Group.obj
 0001:00006c00       ?handle@Fl_Group@@UAEHH@Z  00407c00 f   fltk:Fl_Group.obj
 0001:00007590       ?navigation@Fl_Group@@AAEHH@Z 00408590 f   fltk:Fl_Group.obj
 0001:00007750       ??0Fl_Group@@QAE@HHHHPBD@Z 00408750 f   fltk:Fl_Group.obj
 0001:00007800       ?clear@Fl_Group@@QAEXXZ    00408800 f   fltk:Fl_Group.obj
 0001:000078d0       ??1Fl_Group@@UAE@XZ        004088d0 f   fltk:Fl_Group.obj
 0001:00007930       ?insert@Fl_Group@@QAEXAAVFl_Widget@@H@Z 00408930 f   fltk:Fl_Group.obj
 0001:00007ab0       ?add@Fl_Group@@QAEXAAVFl_Widget@@@Z 00408ab0 f   fltk:Fl_Group.obj
 0001:00007ad0       ?remove@Fl_Group@@QAEXAAVFl_Widget@@@Z 00408ad0 f   fltk:Fl_Group.obj
 0001:00007bc0       ?init_sizes@Fl_Group@@QAEXXZ 00408bc0 f   fltk:Fl_Group.obj
 0001:00007bf0       ?sizes@Fl_Group@@IAEPAFXZ  00408bf0 f   fltk:Fl_Group.obj
 0001:00007e50       ?resize@Fl_Group@@UAEXHHHH@Z 00408e50 f   fltk:Fl_Group.obj
 0001:00008220       ?draw_children@Fl_Group@@IAEXXZ 00409220 f   fltk:Fl_Group.obj
 0001:000083b0       ?draw@Fl_Group@@MAEXXZ     004093b0 f   fltk:Fl_Group.obj
 0001:000083f0       ?update_child@Fl_Group@@IBEXAAVFl_Widget@@@Z 004093f0 f   fltk:Fl_Group.obj
 0001:00008490       ?draw_child@Fl_Group@@IBEXAAVFl_Widget@@@Z 00409490 f   fltk:Fl_Group.obj
 0001:00008530       ?draw_outside_label@Fl_Group@@IBEXABVFl_Widget@@@Z 00409530 f   fltk:Fl_Group.obj
 0001:00008690       ??_GFl_Group@@UAEPAXI@Z    00409690 f i fltk:Fl_Group.obj
 0001:00008690       ??_EFl_Group@@UAEPAXI@Z    00409690 f i fltk:Fl_Group.obj
 0001:000086c0       ?item_pathname@Fl_Menu_@@QBEHPADHPBUFl_Menu_Item@@@Z 004096c0 f   fltk:Fl_Menu_.obj
 0001:000088f0       ?find_item@Fl_Menu_@@QAEPBUFl_Menu_Item@@PBD@Z 004098f0 f   fltk:Fl_Menu_.obj
 0001:00008ae0       ?value@Fl_Menu_@@QAEHPBUFl_Menu_Item@@@Z 00409ae0 f   fltk:Fl_Menu_.obj
 0001:00008b20       ?picked@Fl_Menu_@@QAEPBUFl_Menu_Item@@PBU2@@Z 00409b20 f   fltk:Fl_Menu_.obj
 0001:00008c70       ?setonly@Fl_Menu_Item@@QAEXXZ 00409c70 f   fltk:Fl_Menu_.obj
 0001:00008d20       ??0Fl_Menu_@@QAE@HHHHPBD@Z 00409d20 f   fltk:Fl_Menu_.obj
 0001:00008dd0       ?size@Fl_Menu_@@QBEHXZ     00409dd0 f   fltk:Fl_Menu_.obj
 0001:00008e00       ?menu@Fl_Menu_@@QAEXPBUFl_Menu_Item@@@Z 00409e00 f   fltk:Fl_Menu_.obj
 0001:00008e30       ?copy@Fl_Menu_@@QAEXPBUFl_Menu_Item@@PAX@Z 00409e30 f   fltk:Fl_Menu_.obj
 0001:00008ed0       ??1Fl_Menu_@@UAE@XZ        00409ed0 f   fltk:Fl_Menu_.obj
 0001:00008f30       ?clear@Fl_Menu_@@QAEXXZ    00409f30 f   fltk:Fl_Menu_.obj
 0001:00008ff0       ??_EFl_Menu_@@UAEPAXI@Z    00409ff0 f i fltk:Fl_Menu_.obj
 0001:00008ff0       ??_GFl_Menu_@@UAEPAXI@Z    00409ff0 f i fltk:Fl_Menu_.obj
 0001:00009020       ?draw@Fl_Menu_Bar@@MAEXXZ  0040a020 f   fltk:Fl_Menu_Bar.obj
 0001:00009190       ?handle@Fl_Menu_Bar@@UAEHH@Z 0040a190 f   fltk:Fl_Menu_Bar.obj
 0001:000092f0       ?resizeform@@YAXXZ         0040a2f0 f   fltk:fl_ask.obj
 0001:00009650       ?fl_beep@@YAXH@Z           0040a650 f   fltk:fl_ask.obj
 0001:000096c0       ?fl_message@@YAXPBDZZ      0040a6c0 f   fltk:fl_ask.obj
 0001:00009ed0       ?fl_alert@@YAXPBDZZ        0040aed0 f   fltk:fl_ask.obj
 0001:00009f30       ?fl_ask@@YAHPBDZZ          0040af30 f   fltk:fl_ask.obj
 0001:00009f90       ?fl_choice@@YAHPBD000ZZ    0040af90 f   fltk:fl_ask.obj
 0001:00009ff0       ?fl_message_icon@@YAPAVFl_Widget@@XZ 0040aff0 f   fltk:fl_ask.obj
 0001:0000a000       ?fl_input@@YAPBDPBD0ZZ     0040b000 f   fltk:fl_ask.obj
 0001:0000a140       ?fl_password@@YAPBDPBD0ZZ  0040b140 f   fltk:fl_ask.obj
 0001:0000a190       ??_GFl_Box@@UAEPAXI@Z      0040b190 f i fltk:fl_ask.obj
 0001:0000a190       ??_EFl_Box@@UAEPAXI@Z      0040b190 f i fltk:fl_ask.obj
 0001:0000a1c0       ??_EFl_Return_Button@@UAEPAXI@Z 0040b1c0 f i fltk:fl_ask.obj
 0001:0000a1c0       ??_GFl_Return_Button@@UAEPAXI@Z 0040b1c0 f i fltk:fl_ask.obj
 0001:0000a1f0       ?visual@Fl@@SAHH@Z         0040b1f0 f   fltk:Fl_visual.obj
 0001:0000a250       ??0Fl_Valuator@@IAE@HHHHPBD@Z 0040b250 f   fltk:Fl_Valuator.obj
 0001:0000a2d0       ?step@Fl_Valuator@@QAEXN@Z 0040b2d0 f   fltk:Fl_Valuator.obj
 0001:0000a390       ?precision@Fl_Valuator@@QAEXH@Z 0040b390 f   fltk:Fl_Valuator.obj
 0001:0000a3d0       ?value_damage@Fl_Valuator@@MAEXXZ 0040b3d0 f   fltk:Fl_Valuator.obj
 0001:0000a3f0       ?value@Fl_Valuator@@QAEHN@Z 0040b3f0 f   fltk:Fl_Valuator.obj
 0001:0000a440       ?softclamp@Fl_Valuator@@IAENN@Z 0040b440 f   fltk:Fl_Valuator.obj
 0001:0000a560       ?handle_drag@Fl_Valuator@@IAEXN@Z 0040b560 f   fltk:Fl_Valuator.obj
 0001:0000a5f0       ?handle_release@Fl_Valuator@@IAEXXZ 0040b5f0 f   fltk:Fl_Valuator.obj
 0001:0000a670       ?round@Fl_Valuator@@QAENN@Z 0040b670 f   fltk:Fl_Valuator.obj
 0001:0000a6e0       ?clamp@Fl_Valuator@@QAENN@Z 0040b6e0 f   fltk:Fl_Valuator.obj
 0001:0000a7a0       ?increment@Fl_Valuator@@QAENNH@Z 0040b7a0 f   fltk:Fl_Valuator.obj
 0001:0000a840       ?format@Fl_Valuator@@UAEHPAD@Z 0040b840 f   fltk:Fl_Valuator.obj
 0001:0000a970       ??_GFl_Valuator@@UAEPAXI@Z 0040b970 f i fltk:Fl_Valuator.obj
 0001:0000a970       ??_EFl_Valuator@@UAEPAXI@Z 0040b970 f i fltk:Fl_Valuator.obj
 0001:0000a9a0       ??0Fl_Value_Slider@@QAE@HHHHPBD@Z 0040b9a0 f   fltk:Fl_Value_Slider.obj
 0001:0000aa10       ?draw@Fl_Value_Slider@@UAEXXZ 0040ba10 f   fltk:Fl_Value_Slider.obj
 0001:0000ad30       ?handle@Fl_Value_Slider@@UAEHH@Z 0040bd30 f   fltk:Fl_Value_Slider.obj
 0001:0000ae40       ??_GFl_Value_Slider@@UAEPAXI@Z 0040be40 f i fltk:Fl_Value_Slider.obj
 0001:0000ae40       ??_EFl_Value_Slider@@UAEPAXI@Z 0040be40 f i fltk:Fl_Value_Slider.obj
 0001:0000ae70       ?value@Fl_Button@@QAEHH@Z  0040be70 f   fltk:Fl_Button.obj
 0001:0000aef0       ?setonly@Fl_Button@@QAEXXZ 0040bef0 f   fltk:Fl_Button.obj
 0001:0000af70       ?draw@Fl_Button@@MAEXXZ    0040bf70 f   fltk:Fl_Button.obj
 0001:0000b0b0       ?handle@Fl_Button@@UAEHH@Z 0040c0b0 f   fltk:Fl_Button.obj
 0001:0000b750       ??0Fl_Button@@QAE@HHHHPBD@Z 0040c750 f   fltk:Fl_Button.obj
 0001:0000b7c0       ?draw_focus@Fl_Widget@@IAEXXZ 0040c7c0 f i fltk:Fl_Button.obj
 0001:0000b820       ??_GFl_Button@@UAEPAXI@Z   0040c820 f i fltk:Fl_Button.obj
 0001:0000b820       ??_EFl_Button@@UAEPAXI@Z   0040c820 f i fltk:Fl_Button.obj
 0001:0000b850       ??0Fl_Check_Button@@QAE@HHHHPBD@Z 0040c850 f   fltk:Fl_Check_Button.obj
 0001:0000b8a0       ??_GFl_Check_Button@@UAEPAXI@Z 0040c8a0 f i fltk:Fl_Check_Button.obj
 0001:0000b8a0       ??_EFl_Check_Button@@UAEPAXI@Z 0040c8a0 f i fltk:Fl_Check_Button.obj
 0001:0000b8d0       ?expand@Fl_Input_@@ABEPBDPBDPAD@Z 0040c8d0 f   fltk:Fl_Input_.obj
 0001:0000bb60       ?expandpos@Fl_Input_@@ABENPBD00PAH@Z 0040cb60 f   fltk:Fl_Input_.obj
 0001:0000bc30       ?minimal_update@Fl_Input_@@AAEXH@Z 0040cc30 f   fltk:Fl_Input_.obj
 0001:0000bca0       ?minimal_update@Fl_Input_@@AAEXHH@Z 0040cca0 f   fltk:Fl_Input_.obj
 0001:0000bcd0       ?setfont@Fl_Input_@@ABEXXZ 0040ccd0 f   fltk:Fl_Input_.obj
 0001:0000bd00       ?drawtext@Fl_Input_@@IAEXHHHH@Z 0040cd00 f   fltk:Fl_Input_.obj
 0001:0000cc90       ?word_end@Fl_Input_@@IBEHH@Z 0040dc90 f   fltk:Fl_Input_.obj
 0001:0000cd60       ?word_start@Fl_Input_@@IBEHH@Z 0040dd60 f   fltk:Fl_Input_.obj
 0001:0000cdc0       ?line_end@Fl_Input_@@IBEHH@Z 0040ddc0 f   fltk:Fl_Input_.obj
 0001:0000cf50       ?line_start@Fl_Input_@@IBEHH@Z 0040df50 f   fltk:Fl_Input_.obj
 0001:0000d090       ?handle_mouse@Fl_Input_@@IAEXHHHHH@Z 0040e090 f   fltk:Fl_Input_.obj
 0001:0000d5b0       ?position@Fl_Input_@@QAEHHH@Z 0040e5b0 f   fltk:Fl_Input_.obj
 0001:0000d6f0       ?up_down_position@Fl_Input_@@IAEHHH@Z 0040e6f0 f   fltk:Fl_Input_.obj
 0001:0000d870       ?copy@Fl_Input_@@QAEHH@Z   0040e870 f   fltk:Fl_Input_.obj
 0001:0000d900       ?replace@Fl_Input_@@QAEHHHPBDH@Z 0040e900 f   fltk:Fl_Input_.obj
 0001:0000de70       ?undo@Fl_Input_@@QAEHXZ    0040ee70 f   fltk:Fl_Input_.obj
 0001:0000e090       ?copy_cuts@Fl_Input_@@QAEHXZ 0040f090 f   fltk:Fl_Input_.obj
 0001:0000e0e0       ?maybe_do_callback@Fl_Input_@@IAEXXZ 0040f0e0 f   fltk:Fl_Input_.obj
 0001:0000e140       ?handletext@Fl_Input_@@IAEHHHHHH@Z 0040f140 f   fltk:Fl_Input_.obj
 0001:0000e780       ??0Fl_Input_@@QAE@HHHHPBD@Z 0040f780 f   fltk:Fl_Input_.obj
 0001:0000e860       ?put_in_buffer@Fl_Input_@@AAEXH@Z 0040f860 f   fltk:Fl_Input_.obj
 0001:0000e9e0       ?static_value@Fl_Input_@@QAEHPBDH@Z 0040f9e0 f   fltk:Fl_Input_.obj
 0001:0000eb70       ?static_value@Fl_Input_@@QAEHPBD@Z 0040fb70 f   fltk:Fl_Input_.obj
 0001:0000ebb0       ?value@Fl_Input_@@QAEHPBDH@Z 0040fbb0 f   fltk:Fl_Input_.obj
 0001:0000ebf0       ?value@Fl_Input_@@QAEHPBD@Z 0040fbf0 f   fltk:Fl_Input_.obj
 0001:0000ec30       ?resize@Fl_Input_@@UAEXHHHH@Z 0040fc30 f   fltk:Fl_Input_.obj
 0001:0000ec90       ??1Fl_Input_@@UAE@XZ       0040fc90 f   fltk:Fl_Input_.obj
 0001:0000ece0       ??_GFl_Input_@@UAEPAXI@Z   0040fce0 f i fltk:Fl_Input_.obj
 0001:0000ece0       ??_EFl_Input_@@UAEPAXI@Z   0040fce0 f i fltk:Fl_Input_.obj
 0001:0000ed20       ?draw@Fl_Input@@UAEXXZ     0040fd20 f   fltk:Fl_Input.obj
 0001:0000ee00       ?shift_position@Fl_Input@@AAEHH@Z 0040fe00 f   fltk:Fl_Input.obj
 0001:0000ee50       ?shift_up_down_position@Fl_Input@@AAEHH@Z 0040fe50 f   fltk:Fl_Input.obj
 0001:0000ee80       ?handle_key@Fl_Input@@AAEHXZ 0040fe80 f   fltk:Fl_Input.obj
 0001:0000fe90       ?handle@Fl_Input@@UAEHH@Z  00410e90 f   fltk:Fl_Input.obj
 0001:000106c0       ??0Fl_Input@@QAE@HHHHPBD@Z 004116c0 f   fltk:Fl_Input.obj
 0001:00010700       ??_GFl_Input@@UAEPAXI@Z    00411700 f i fltk:Fl_Input.obj
 0001:00010700       ??_EFl_Input@@UAEPAXI@Z    00411700 f i fltk:Fl_Input.obj
 0001:00010730       ?cb_window_i@Fl_File_Chooser@@AAEXPAVFl_Double_Window@@PAX@Z 00411730 f   fltk:Fl_File_Chooser.obj
 0001:00010790       ?cb_window@Fl_File_Chooser@@CAXPAVFl_Double_Window@@PAX@Z 00411790 f   fltk:Fl_File_Chooser.obj
 0001:000107c0       ?cb_showChoice_i@Fl_File_Chooser@@AAEXPAVFl_Choice@@PAX@Z 004117c0 f   fltk:Fl_File_Chooser.obj
 0001:000107e0       ?cb_showChoice@Fl_File_Chooser@@CAXPAVFl_Choice@@PAX@Z 004117e0 f   fltk:Fl_File_Chooser.obj
 0001:00010820       ?cb_favoritesButton_i@Fl_File_Chooser@@AAEXPAVFl_Menu_Button@@PAX@Z 00411820 f   fltk:Fl_File_Chooser.obj
 0001:00010840       ?cb_favoritesButton@Fl_File_Chooser@@CAXPAVFl_Menu_Button@@PAX@Z 00411840 f   fltk:Fl_File_Chooser.obj
 0001:00010880       ?cb_newButton_i@Fl_File_Chooser@@AAEXPAVFl_Button@@PAX@Z 00411880 f   fltk:Fl_File_Chooser.obj
 0001:000108a0       ?cb_newButton@Fl_File_Chooser@@CAXPAVFl_Button@@PAX@Z 004118a0 f   fltk:Fl_File_Chooser.obj
 0001:000108e0       ?cb__i@Fl_File_Chooser@@AAEXPAVFl_Tile@@PAX@Z 004118e0 f   fltk:Fl_File_Chooser.obj
 0001:00010900       ?cb_@Fl_File_Chooser@@CAXPAVFl_Tile@@PAX@Z 00411900 f   fltk:Fl_File_Chooser.obj
 0001:00010930       ?cb_fileList_i@Fl_File_Chooser@@AAEXPAVFl_File_Browser@@PAX@Z 00411930 f   fltk:Fl_File_Chooser.obj
 0001:00010950       ?cb_fileList@Fl_File_Chooser@@CAXPAVFl_File_Browser@@PAX@Z 00411950 f   fltk:Fl_File_Chooser.obj
 0001:00010990       ?cb_previewButton_i@Fl_File_Chooser@@AAEXPAVFl_Check_Button@@PAX@Z 00411990 f   fltk:Fl_File_Chooser.obj
 0001:000109c0       ?cb_previewButton@Fl_File_Chooser@@CAXPAVFl_Check_Button@@PAX@Z 004119c0 f   fltk:Fl_File_Chooser.obj
 0001:00010a00       ?cb_fileName_i@Fl_File_Chooser@@AAEXPAVFl_File_Input@@PAX@Z 00411a00 f   fltk:Fl_File_Chooser.obj
 0001:00010a20       ?cb_fileName@Fl_File_Chooser@@CAXPAVFl_File_Input@@PAX@Z 00411a20 f   fltk:Fl_File_Chooser.obj
 0001:00010a60       ?cb_okButton_i@Fl_File_Chooser@@AAEXPAVFl_Return_Button@@PAX@Z 00411a60 f   fltk:Fl_File_Chooser.obj
 0001:00010ab0       ?cb_okButton@Fl_File_Chooser@@CAXPAVFl_Return_Button@@PAX@Z 00411ab0 f   fltk:Fl_File_Chooser.obj
 0001:00010af0       ?cb_cancelButton_i@Fl_File_Chooser@@AAEXPAVFl_Button@@PAX@Z 00411af0 f   fltk:Fl_File_Chooser.obj
 0001:00010b50       ?cb_cancelButton@Fl_File_Chooser@@CAXPAVFl_Button@@PAX@Z 00411b50 f   fltk:Fl_File_Chooser.obj
 0001:00010b90       ?cb_favList_i@Fl_File_Chooser@@AAEXPAVFl_File_Browser@@PAX@Z 00411b90 f   fltk:Fl_File_Chooser.obj
 0001:00010bb0       ?cb_favList@Fl_File_Chooser@@CAXPAVFl_File_Browser@@PAX@Z 00411bb0 f   fltk:Fl_File_Chooser.obj
 0001:00010be0       ?cb_favUpButton_i@Fl_File_Chooser@@AAEXPAVFl_Button@@PAX@Z 00411be0 f   fltk:Fl_File_Chooser.obj
 0001:00010c00       ?cb_favUpButton@Fl_File_Chooser@@CAXPAVFl_Button@@PAX@Z 00411c00 f   fltk:Fl_File_Chooser.obj
 0001:00010c40       ?cb_favDeleteButton_i@Fl_File_Chooser@@AAEXPAVFl_Button@@PAX@Z 00411c40 f   fltk:Fl_File_Chooser.obj
 0001:00010c60       ?cb_favDeleteButton@Fl_File_Chooser@@CAXPAVFl_Button@@PAX@Z 00411c60 f   fltk:Fl_File_Chooser.obj
 0001:00010ca0       ?cb_favDownButton_i@Fl_File_Chooser@@AAEXPAVFl_Button@@PAX@Z 00411ca0 f   fltk:Fl_File_Chooser.obj
 0001:00010cc0       ?cb_favDownButton@Fl_File_Chooser@@CAXPAVFl_Button@@PAX@Z 00411cc0 f   fltk:Fl_File_Chooser.obj
 0001:00010d00       ?cb_favCancelButton_i@Fl_File_Chooser@@AAEXPAVFl_Button@@PAX@Z 00411d00 f   fltk:Fl_File_Chooser.obj
 0001:00010d30       ?cb_favCancelButton@Fl_File_Chooser@@CAXPAVFl_Button@@PAX@Z 00411d30 f   fltk:Fl_File_Chooser.obj
 0001:00010d70       ?cb_favOkButton_i@Fl_File_Chooser@@AAEXPAVFl_Return_Button@@PAX@Z 00411d70 f   fltk:Fl_File_Chooser.obj
 0001:00010d90       ?cb_favOkButton@Fl_File_Chooser@@CAXPAVFl_Return_Button@@PAX@Z 00411d90 f   fltk:Fl_File_Chooser.obj
 0001:00010dd0       ??0Fl_File_Chooser@@QAE@PBD0H0@Z 00411dd0 f   fltk:Fl_File_Chooser.obj
 0001:00012360       ??1Fl_File_Chooser@@QAE@XZ 00413360 f   fltk:Fl_File_Chooser.obj
 0001:000123f0       ?callback@Fl_File_Chooser@@QAEXP6AXPAV1@PAX@Z1@Z 004133f0 f   fltk:Fl_File_Chooser.obj
 0001:00012410       ?color@Fl_File_Chooser@@QAEXW4Fl_Color@@@Z 00413410 f   fltk:Fl_File_Chooser.obj
 0001:00012440       ?color@Fl_File_Chooser@@QAE?AW4Fl_Color@@XZ 00413440 f   fltk:Fl_File_Chooser.obj
 0001:00012460       ?directory@Fl_File_Chooser@@QAEPADXZ 00413460 f   fltk:Fl_File_Chooser.obj
 0001:00012480       ?filter@Fl_File_Chooser@@QAEPBDXZ 00413480 f   fltk:Fl_File_Chooser.obj
 0001:000124b0       ?filter_value@Fl_File_Chooser@@QAEHXZ 004134b0 f   fltk:Fl_File_Chooser.obj
 0001:00012500       ?filter_value@Fl_File_Chooser@@QAEXH@Z 00413500 f   fltk:Fl_File_Chooser.obj
 0001:00012530       ?hide@Fl_File_Chooser@@QAEXXZ 00413530 f   fltk:Fl_File_Chooser.obj
 0001:00012560       ?iconsize@Fl_File_Chooser@@QAEXE@Z 00413560 f   fltk:Fl_File_Chooser.obj
 0001:00012590       ?iconsize@Fl_File_Chooser@@QAEEXZ 00413590 f   fltk:Fl_File_Chooser.obj
 0001:000125c0       ?label@Fl_File_Chooser@@QAEXPBD@Z 004135c0 f   fltk:Fl_File_Chooser.obj
 0001:000125e0       ?label@Fl_File_Chooser@@QAEPBDXZ 004135e0 f   fltk:Fl_File_Chooser.obj
 0001:00012600       ?ok_label@Fl_File_Chooser@@QAEXPBD@Z 00413600 f   fltk:Fl_File_Chooser.obj
 0001:000126b0       ?ok_label@Fl_File_Chooser@@QAEPBDXZ 004136b0 f   fltk:Fl_File_Chooser.obj
 0001:000126d0       ?show@Fl_File_Chooser@@QAEXXZ 004136d0 f   fltk:Fl_File_Chooser.obj
 0001:00012750       ?shown@Fl_File_Chooser@@QAEHXZ 00413750 f   fltk:Fl_File_Chooser.obj
 0001:00012770       ?textcolor@Fl_File_Chooser@@QAEXW4Fl_Color@@@Z 00413770 f   fltk:Fl_File_Chooser.obj
 0001:000127a0       ?textcolor@Fl_File_Chooser@@QAE?AW4Fl_Color@@XZ 004137a0 f   fltk:Fl_File_Chooser.obj
 0001:000127c0       ?textfont@Fl_File_Chooser@@QAEXE@Z 004137c0 f   fltk:Fl_File_Chooser.obj
 0001:000127f0       ?textfont@Fl_File_Chooser@@QAEEXZ 004137f0 f   fltk:Fl_File_Chooser.obj
 0001:00012810       ?textsize@Fl_File_Chooser@@QAEXE@Z 00413810 f   fltk:Fl_File_Chooser.obj
 0001:00012850       ?textsize@Fl_File_Chooser@@QAEEXZ 00413850 f   fltk:Fl_File_Chooser.obj
 0001:00012870       ?type@Fl_File_Chooser@@QAEXH@Z 00413870 f   fltk:Fl_File_Chooser.obj
 0001:00012920       ?type@Fl_File_Chooser@@QAEHXZ 00413920 f   fltk:Fl_File_Chooser.obj
 0001:00012940       ?user_data@Fl_File_Chooser@@QBEPAXXZ 00413940 f   fltk:Fl_File_Chooser.obj
 0001:00012960       ?user_data@Fl_File_Chooser@@QAEXPAX@Z 00413960 f   fltk:Fl_File_Chooser.obj
 0001:00012980       ?visible@Fl_File_Chooser@@QAEHXZ 00413980 f   fltk:Fl_File_Chooser.obj
 0001:000129b0       ??_GFl_Double_Window@@UAEPAXI@Z 004139b0 f i fltk:Fl_File_Chooser.obj
 0001:000129b0       ??_EFl_Double_Window@@UAEPAXI@Z 004139b0 f i fltk:Fl_File_Chooser.obj
 0001:000129e0       ??_EFl_Tile@@UAEPAXI@Z     004139e0 f i fltk:Fl_File_Chooser.obj
 0001:000129e0       ??_GFl_Tile@@UAEPAXI@Z     004139e0 f i fltk:Fl_File_Chooser.obj
 0001:00012a10       ??0Fl_Bitmap@@QAE@PBEHH@Z  00413a10 f i fltk:Fl_File_Chooser.obj
 0001:00012aa0       ??_GFl_Image@@UAEPAXI@Z    00413aa0 f i fltk:Fl_File_Chooser.obj
 0001:00012aa0       ??_EFl_Image@@UAEPAXI@Z    00413aa0 f i fltk:Fl_File_Chooser.obj
 0001:00012ad0       ??_GFl_Bitmap@@UAEPAXI@Z   00413ad0 f i fltk:Fl_File_Chooser.obj
 0001:00012ad0       ??_EFl_Bitmap@@UAEPAXI@Z   00413ad0 f i fltk:Fl_File_Chooser.obj
 0001:00012b00       ?count@Fl_File_Chooser@@QAEHXZ 00413b00 f   fltk:Fl_File_Chooser2.obj
 0001:00012bd0       ?directory@Fl_File_Chooser@@QAEXPBD@Z 00413bd0 f   fltk:Fl_File_Chooser2.obj
 0001:00012e10       ?favoritesButtonCB@Fl_File_Chooser@@AAEXXZ 00413e10 f   fltk:Fl_File_Chooser2.obj
 0001:00013010       ?favoritesCB@Fl_File_Chooser@@AAEXPAVFl_Widget@@@Z 00414010 f   fltk:Fl_File_Chooser2.obj
 0001:000136a0       ?fileListCB@Fl_File_Chooser@@AAEXXZ 004146a0 f   fltk:Fl_File_Chooser2.obj
 0001:00013ac0       ?fileNameCB@Fl_File_Chooser@@AAEXXZ 00414ac0 f   fltk:Fl_File_Chooser2.obj
 0001:00014410       ?filter@Fl_File_Chooser@@QAEXPBD@Z 00415410 f   fltk:Fl_File_Chooser2.obj
 0001:000145e0       ?newdir@Fl_File_Chooser@@AAEXXZ 004155e0 f   fltk:Fl_File_Chooser2.obj
 0001:000146f0       ?preview@Fl_File_Chooser@@QAEXH@Z 004156f0 f   fltk:Fl_File_Chooser2.obj
 0001:00014910       ?previewCB@Fl_File_Chooser@@CAXPAV1@@Z 00415910 f   fltk:Fl_File_Chooser2.obj
 0001:00014920       ?rescan@Fl_File_Chooser@@QAEXXZ 00415920 f   fltk:Fl_File_Chooser2.obj
 0001:00014a20       ?rescan_keep_filename@Fl_File_Chooser@@QAEXXZ 00415a20 f   fltk:Fl_File_Chooser2.obj
 0001:00014c20       ?showChoiceCB@Fl_File_Chooser@@AAEXXZ 00415c20 f   fltk:Fl_File_Chooser2.obj
 0001:00014e50       ?update_favorites@Fl_File_Chooser@@AAEXXZ 00415e50 f   fltk:Fl_File_Chooser2.obj
 0001:00015070       ?update_preview@Fl_File_Chooser@@AAEXXZ 00416070 f   fltk:Fl_File_Chooser2.obj
 0001:00015460       ?value@Fl_File_Chooser@@QAEPBDH@Z 00416460 f   fltk:Fl_File_Chooser2.obj
 0001:00015590       ?value@Fl_File_Chooser@@QAEXPBD@Z 00416590 f   fltk:Fl_File_Chooser2.obj
 0001:000159f0       ?fl_file_chooser_callback@@YAXP6AXPBD@Z@Z 004169f0 f   fltk:fl_file_dir.obj
 0001:00015a00       ?fl_file_chooser_ok_label@@YAXPBD@Z 00416a00 f   fltk:fl_file_dir.obj
 0001:00015a30       ?fl_file_chooser@@YAPADPBD00H@Z 00416a30 f   fltk:fl_file_dir.obj
 0001:00015d70       ?fl_dir_chooser@@YAPADPBD0H@Z 00416d70 f   fltk:fl_file_dir.obj
 0001:00015f10       ??0Fl_Text_Display@@QAE@HHHHPBD@Z 00416f10 f   fltk:Fl_Text_Display.obj
 0001:000163a0       ??1Fl_Text_Display@@UAE@XZ 004173a0 f   fltk:Fl_Text_Display.obj
 0001:00016480       ?buffer@Fl_Text_Display@@QAEXPAVFl_Text_Buffer@@@Z 00417480 f   fltk:Fl_Text_Display.obj
 0001:000165c0       ?highlight_data@Fl_Text_Display@@QAEXPAVFl_Text_Buffer@@PBUStyle_Table_Entry@1@HDP6AXHPAX@Z2@Z 004175c0 f   fltk:Fl_Text_Display.obj
 0001:00016630       ?longest_vline@Fl_Text_Display@@IAEHXZ 00417630 f   fltk:Fl_Text_Display.obj
 0001:00016690       ?resize@Fl_Text_Display@@UAEXHHHH@Z 00417690 f   fltk:Fl_Text_Display.obj
 0001:000170b0       ?draw_text@Fl_Text_Display@@IAEXHHHH@Z 004180b0 f   fltk:Fl_Text_Display.obj
 0001:000171b0       ?redisplay_range@Fl_Text_Display@@QAEXHH@Z 004181b0 f   fltk:Fl_Text_Display.obj
 0001:000172b0       ?draw_range@Fl_Text_Display@@IAEXHH@Z 004182b0 f   fltk:Fl_Text_Display.obj
 0001:000174e0       ?insert_position@Fl_Text_Display@@QAEXH@Z 004184e0 f   fltk:Fl_Text_Display.obj
 0001:00017580       ?show_cursor@Fl_Text_Display@@QAEXH@Z 00418580 f   fltk:Fl_Text_Display.obj
 0001:000175c0       ?cursor_style@Fl_Text_Display@@QAEXH@Z 004185c0 f   fltk:Fl_Text_Display.obj
 0001:000175f0       ?wrap_mode@Fl_Text_Display@@QAEXHH@Z 004185f0 f   fltk:Fl_Text_Display.obj
 0001:00017740       ?insert@Fl_Text_Display@@QAEXPBD@Z 00418740 f   fltk:Fl_Text_Display.obj
 0001:00017790       ?overstrike@Fl_Text_Display@@QAEXPBD@Z 00418790 f   fltk:Fl_Text_Display.obj
 0001:000179d0       ?position_to_xy@Fl_Text_Display@@IAEHHPAH0@Z 004189d0 f   fltk:Fl_Text_Display.obj
 0001:00017bd0       ?position_to_linecol@Fl_Text_Display@@IAEHHPAH0@Z 00418bd0 f   fltk:Fl_Text_Display.obj
 0001:00017cf0       ?in_selection@Fl_Text_Display@@QAEHHH@Z 00418cf0 f   fltk:Fl_Text_Display.obj
 0001:00017d90       ?wrapped_column@Fl_Text_Display@@QAEHHH@Z 00418d90 f   fltk:Fl_Text_Display.obj
 0001:00017e20       ?wrapped_row@Fl_Text_Display@@QAEHH@Z 00418e20 f   fltk:Fl_Text_Display.obj
 0001:00017e90       ?display_insert@Fl_Text_Display@@IAEXXZ 00418e90 f   fltk:Fl_Text_Display.obj
 0001:00018060       ?show_insert_position@Fl_Text_Display@@QAEXXZ 00419060 f   fltk:Fl_Text_Display.obj
 0001:000180c0       ?move_right@Fl_Text_Display@@QAEHXZ 004190c0 f   fltk:Fl_Text_Display.obj
 0001:00018110       ?move_left@Fl_Text_Display@@QAEHXZ 00419110 f   fltk:Fl_Text_Display.obj
 0001:00018140       ?move_up@Fl_Text_Display@@QAEHXZ 00419140 f   fltk:Fl_Text_Display.obj
 0001:00018270       ?move_down@Fl_Text_Display@@QAEHXZ 00419270 f   fltk:Fl_Text_Display.obj
 0001:00018390       ?count_lines@Fl_Text_Display@@QAEHHH_N@Z 00419390 f   fltk:Fl_Text_Display.obj
 0001:00018410       ?skip_lines@Fl_Text_Display@@QAEHHH_N@Z 00419410 f   fltk:Fl_Text_Display.obj
 0001:000184b0       ?line_end@Fl_Text_Display@@QAEHH_N@Z 004194b0 f   fltk:Fl_Text_Display.obj
 0001:00018560       ?line_start@Fl_Text_Display@@QAEHH@Z 00419560 f   fltk:Fl_Text_Display.obj
 0001:000185f0       ?rewind_lines@Fl_Text_Display@@QAEHHH@Z 004195f0 f   fltk:Fl_Text_Display.obj
 0001:000186c0       ?next_word@Fl_Text_Display@@QAEXXZ 004196c0 f   fltk:Fl_Text_Display.obj
 0001:00018800       ?previous_word@Fl_Text_Display@@QAEXXZ 00419800 f   fltk:Fl_Text_Display.obj
 0001:00018990       ?buffer_predelete_cb@Fl_Text_Display@@KAXHHPAX@Z 00419990 f   fltk:Fl_Text_Display.obj
 0001:000189f0       ?buffer_modified_cb@Fl_Text_Display@@KAXHHHHPBDPAX@Z 004199f0 f   fltk:Fl_Text_Display.obj
 0001:00018d90       ?maintain_absolute_top_line_number@Fl_Text_Display@@IAEXH@Z 00419d90 f   fltk:Fl_Text_Display.obj
 0001:00018dc0       ?get_absolute_top_line_number@Fl_Text_Display@@IAEHXZ 00419dc0 f   fltk:Fl_Text_Display.obj
 0001:00018e00       ?absolute_top_line_number@Fl_Text_Display@@IAEXH@Z 00419e00 f   fltk:Fl_Text_Display.obj
 0001:00018ea0       ?maintaining_absolute_top_line_number@Fl_Text_Display@@IAEHXZ 00419ea0 f   fltk:Fl_Text_Display.obj
 0001:00018ef0       ?reset_absolute_top_line_number@Fl_Text_Display@@IAEXXZ 00419ef0 f   fltk:Fl_Text_Display.obj
 0001:00018f20       ?position_to_line@Fl_Text_Display@@IAEHHPAH@Z 00419f20 f   fltk:Fl_Text_Display.obj
 0001:00019070       ?draw_vline@Fl_Text_Display@@IAEXHHHHH@Z 0041a070 f   fltk:Fl_Text_Display.obj
 0001:000198e0       ?draw_string@Fl_Text_Display@@IAEXHHHHPBDH@Z 0041a8e0 f   fltk:Fl_Text_Display.obj
 0001:00019c60       ?clear_rect@Fl_Text_Display@@IAEXHHHHH@Z 0041ac60 f   fltk:Fl_Text_Display.obj
 0001:00019d90       ?draw_cursor@Fl_Text_Display@@IAEXHH@Z 0041ad90 f   fltk:Fl_Text_Display.obj
 0001:0001a100       ?position_style@Fl_Text_Display@@QAEHHHHH@Z 0041b100 f   fltk:Fl_Text_Display.obj
 0001:0001a240       ?string_width@Fl_Text_Display@@IAEHPBDHH@Z 0041b240 f   fltk:Fl_Text_Display.obj
 0001:0001a310       ?xy_to_position@Fl_Text_Display@@IAEHHHH@Z 0041b310 f   fltk:Fl_Text_Display.obj
 0001:0001a4f0       ?xy_to_rowcol@Fl_Text_Display@@IAEXHHPAH0H@Z 0041b4f0 f   fltk:Fl_Text_Display.obj
 0001:0001a5b0       ?offset_line_starts@Fl_Text_Display@@IAEXH@Z 0041b5b0 f   fltk:Fl_Text_Display.obj
 0001:0001a7f0       ?update_line_starts@Fl_Text_Display@@IAEXHHHHHPAH@Z 0041b7f0 f   fltk:Fl_Text_Display.obj
 0001:0001ab80       ?calc_line_starts@Fl_Text_Display@@IAEXHH@Z 0041bb80 f   fltk:Fl_Text_Display.obj
 0001:0001ad00       ?calc_last_char@Fl_Text_Display@@IAEXXZ 0041bd00 f   fltk:Fl_Text_Display.obj
 0001:0001ad80       ?scroll@Fl_Text_Display@@QAEXHH@Z 0041bd80 f   fltk:Fl_Text_Display.obj
 0001:0001adf0       ?scroll_@Fl_Text_Display@@IAEXHH@Z 0041bdf0 f   fltk:Fl_Text_Display.obj
 0001:0001aec0       ?update_v_scrollbar@Fl_Text_Display@@IAEXXZ 0041bec0 f   fltk:Fl_Text_Display.obj
 0001:0001af30       ?update_h_scrollbar@Fl_Text_Display@@IAEXXZ 0041bf30 f   fltk:Fl_Text_Display.obj
 0001:0001afa0       ?v_scrollbar_cb@Fl_Text_Display@@KAXPAVFl_Scrollbar@@PAV1@@Z 0041bfa0 f   fltk:Fl_Text_Display.obj
 0001:0001aff0       ?h_scrollbar_cb@Fl_Text_Display@@KAXPAVFl_Scrollbar@@PAV1@@Z 0041bff0 f   fltk:Fl_Text_Display.obj
 0001:0001b040       ?draw_line_numbers@Fl_Text_Display@@IAEX_N@Z 0041c040 f   fltk:Fl_Text_Display.obj
 0001:0001b100       ?measure_vline@Fl_Text_Display@@IAEHH@Z 0041c100 f   fltk:Fl_Text_Display.obj
 0001:0001b2e0       ?empty_vlines@Fl_Text_Display@@IAEHXZ 0041c2e0 f   fltk:Fl_Text_Display.obj
 0001:0001b330       ?vline_length@Fl_Text_Display@@IAEHH@Z 0041c330 f   fltk:Fl_Text_Display.obj
 0001:0001b3e0       ?find_wrap_range@Fl_Text_Display@@IAEXPBDHHHPAH111@Z 0041c3e0 f   fltk:Fl_Text_Display.obj
 0001:0001b860       ?measure_deleted_lines@Fl_Text_Display@@IAEXHH@Z 0041c860 f   fltk:Fl_Text_Display.obj
 0001:0001b9e0       ?wrapped_line_counter@Fl_Text_Display@@IAEXPAVFl_Text_Buffer@@HHH_NHPAH2221@Z 0041c9e0 f   fltk:Fl_Text_Display.obj
 0001:0001be50       ?measure_proportional_character@Fl_Text_Display@@IAEHDHH@Z 0041ce50 f   fltk:Fl_Text_Display.obj
 0001:0001bf50       ?find_line_end@Fl_Text_Display@@IAEXH_NPAH1@Z 0041cf50 f   fltk:Fl_Text_Display.obj
 0001:0001c010       ?wrap_uses_character@Fl_Text_Display@@IAEHH@Z 0041d010 f   fltk:Fl_Text_Display.obj
 0001:0001c0c0       ?range_touches_selection@Fl_Text_Display@@IAEHPAVFl_Text_Selection@@HH@Z 0041d0c0 f   fltk:Fl_Text_Display.obj
 0001:0001c130       ?extend_range_for_styles@Fl_Text_Display@@IAEXPAH0@Z 0041d130 f   fltk:Fl_Text_Display.obj
 0001:0001c1f0       ?draw@Fl_Text_Display@@MAEXXZ 0041d1f0 f   fltk:Fl_Text_Display.obj
 0001:0001ca50       ?fl_text_drag_me@@YAXHPAVFl_Text_Display@@@Z 0041da50 f   fltk:Fl_Text_Display.obj
 0001:0001cd00       ?scroll_timer_cb@Fl_Text_Display@@KAXPAX@Z 0041dd00 f   fltk:Fl_Text_Display.obj
 0001:0001cea0       ?handle@Fl_Text_Display@@UAEHH@Z 0041dea0 f   fltk:Fl_Text_Display.obj
 0001:0001da60       ??_GFl_Text_Display@@UAEPAXI@Z 0041ea60 f i fltk:Fl_Text_Display.obj
 0001:0001da60       ??_EFl_Text_Display@@UAEPAXI@Z 0041ea60 f i fltk:Fl_Text_Display.obj
 0001:0001da90       ?compose@Fl@@SAHAAH@Z      0041ea90 f   fltk:Fl_compose.obj
 0001:0001dd40       ?layout@Fl_TooltipBox@@QAEXXZ 0041ed40 f   fltk:Fl_Tooltip.obj
 0001:0001dec0       ?draw@Fl_TooltipBox@@UAEXXZ 0041eec0 f   fltk:Fl_Tooltip.obj
 0001:0001df60       ?enter_@Fl_Tooltip@@SAXPAVFl_Widget@@@Z 0041ef60 f   fltk:Fl_Tooltip.obj
 0001:0001dfe0       ?current@Fl_Tooltip@@SAXPAVFl_Widget@@@Z 0041efe0 f   fltk:Fl_Tooltip.obj
 0001:0001e030       ?exit_@Fl_Tooltip@@SAXPAVFl_Widget@@@Z 0041f030 f   fltk:Fl_Tooltip.obj
 0001:0001e230       ?enter_area@Fl_Tooltip@@SAXPAVFl_Widget@@HHHHPBD@Z 0041f230 f   fltk:Fl_Tooltip.obj
 0001:0001e3b0       ?tooltip@Fl_Widget@@QAEXPBD@Z 0041f3b0 f   fltk:Fl_Tooltip.obj
 0001:0001e3f0       ??0Fl_TooltipBox@@QAE@XZ   0041f3f0 f i fltk:Fl_Tooltip.obj
 0001:0001e490       ??_GFl_Single_Window@@UAEPAXI@Z 0041f490 f i fltk:Fl_Tooltip.obj
 0001:0001e490       ??_EFl_Single_Window@@UAEPAXI@Z 0041f490 f i fltk:Fl_Tooltip.obj
 0001:0001e4c0       ??_EFl_Menu_Window@@UAEPAXI@Z 0041f4c0 f i fltk:Fl_Tooltip.obj
 0001:0001e4c0       ??_GFl_Menu_Window@@UAEPAXI@Z 0041f4c0 f i fltk:Fl_Tooltip.obj
 0001:0001e4f0       ?show@Fl_TooltipBox@@UAEXXZ 0041f4f0 f i fltk:Fl_Tooltip.obj
 0001:0001e510       ??_EFl_TooltipBox@@UAEPAXI@Z 0041f510 f i fltk:Fl_Tooltip.obj
 0001:0001e510       ??_GFl_TooltipBox@@UAEPAXI@Z 0041f510 f i fltk:Fl_Tooltip.obj
 0001:0001e540       ?fl_no_label@@YAXPBUFl_Label@@HHHHW4Fl_Align@@@Z 0041f540 f   fltk:fl_labeltype.obj
 0001:0001e550       ?fl_normal_label@@YAXPBUFl_Label@@HHHHW4Fl_Align@@@Z 0041f550 f   fltk:fl_labeltype.obj
 0001:0001e5b0       ?fl_normal_measure@@YAXPBUFl_Label@@AAH1@Z 0041f5b0 f   fltk:fl_labeltype.obj
 0001:0001e640       ?set_labeltype@Fl@@SAXW4Fl_Labeltype@@P6AXPBUFl_Label@@HHHHW4Fl_Align@@@ZP6AX1AAH4@Z@Z 0041f640 f   fltk:fl_labeltype.obj
 0001:0001e660       ?draw@Fl_Label@@QBEXHHHHW4Fl_Align@@@Z 0041f660 f   fltk:fl_labeltype.obj
 0001:0001e6b0       ?measure@Fl_Label@@QBEXAAH0@Z 0041f6b0 f   fltk:fl_labeltype.obj
 0001:0001e720       ?draw_label@Fl_Widget@@IBEXXZ 0041f720 f   fltk:fl_labeltype.obj
 0001:0001e7f0       ?draw_label@Fl_Widget@@IBEXHHHH@Z 0041f7f0 f   fltk:fl_labeltype.obj
 0001:0001e840       ?draw_label@Fl_Widget@@QBEXHHHHW4Fl_Align@@@Z 0041f840 f   fltk:fl_labeltype.obj
 0001:0001e8e0       ?fl_rect@@YAXHHHH@Z        0041f8e0 f   fltk:fl_rect.obj
 0001:0001e980       ?fl_rectf@@YAXHHHH@Z       0041f980 f   fltk:fl_rect.obj
 0001:0001e9f0       ?fl_xyline@@YAXHHH@Z       0041f9f0 f   fltk:fl_rect.obj
 0001:0001ea30       ?fl_xyline@@YAXHHHH@Z      0041fa30 f   fltk:fl_rect.obj
 0001:0001eaa0       ?fl_xyline@@YAXHHHHH@Z     0041faa0 f   fltk:fl_rect.obj
 0001:0001eb20       ?fl_yxline@@YAXHHH@Z       0041fb20 f   fltk:fl_rect.obj
 0001:0001eb70       ?fl_yxline@@YAXHHHH@Z      0041fb70 f   fltk:fl_rect.obj
 0001:0001ebe0       ?fl_yxline@@YAXHHHHH@Z     0041fbe0 f   fltk:fl_rect.obj
 0001:0001ec60       ?fl_line@@YAXHHHH@Z        0041fc60 f   fltk:fl_rect.obj
 0001:0001ecc0       ?fl_line@@YAXHHHHHH@Z      0041fcc0 f   fltk:fl_rect.obj
 0001:0001ed30       ?fl_loop@@YAXHHHHHH@Z      0041fd30 f   fltk:fl_rect.obj
 0001:0001ed90       ?fl_loop@@YAXHHHHHHHH@Z    0041fd90 f   fltk:fl_rect.obj
 0001:0001ee00       ?fl_polygon@@YAXHHHHHH@Z   0041fe00 f   fltk:fl_rect.obj
 0001:0001ee70       ?fl_polygon@@YAXHHHHHHHH@Z 0041fe70 f   fltk:fl_rect.obj
 0001:0001eef0       ?fl_point@@YAXHH@Z         0041fef0 f   fltk:fl_rect.obj
 0001:0001ef20       ?fl_restore_clip@@YAXXZ    0041ff20 f   fltk:fl_rect.obj
 0001:0001ef60       ?fl_clip_region@@YAXPAUHRGN__@@@Z 0041ff60 f   fltk:fl_rect.obj
 0001:0001efa0       ?fl_clip_region@@YAPAUHRGN__@@XZ 0041ffa0 f   fltk:fl_rect.obj
 0001:0001efc0       ?fl_push_clip@@YAXHHHH@Z   0041ffc0 f   fltk:fl_rect.obj
 0001:0001f070       ?fl_push_no_clip@@YAXXZ    00420070 f   fltk:fl_rect.obj
 0001:0001f0c0       ?fl_pop_clip@@YAXXZ        004200c0 f   fltk:fl_rect.obj
 0001:0001f120       ?fl_not_clipped@@YAHHHHH@Z 00420120 f   fltk:fl_rect.obj
 0001:0001f1a0       ?fl_clip_box@@YAHHHHHAAH000@Z 004201a0 f   fltk:fl_rect.obj
 0001:0001f2d0       ?add_awake_handler_@Fl@@SAHP6AXPAX@Z0@Z 004202d0 f   fltk:Fl_lock.obj
 0001:0001f3b0       ?get_awake_handler_@Fl@@SAHAAP6AXPAX@ZAAPAX@Z 004203b0 f   fltk:Fl_lock.obj
 0001:0001f440       ?awake@Fl@@SAHP6AXPAX@Z0@Z 00420440 f   fltk:Fl_lock.obj
 0001:0001f4d0       ?lock@Fl@@SAXXZ            004204d0 f   fltk:Fl_lock.obj
 0001:0001f540       ?unlock@Fl@@SAXXZ          00420540 f   fltk:Fl_lock.obj
 0001:0001f550       ?awake@Fl@@SAXPAX@Z        00420550 f   fltk:Fl_lock.obj
 0001:0001f570       ?screen_count@Fl@@SAHXZ    00420570 f   fltk:screen_xywh.obj
 0001:0001f6b0       ?screen_xywh@Fl@@SAXAAH000HH@Z 004206b0 f   fltk:screen_xywh.obj
 0001:0001f7d0       ?screen_xywh@Fl@@SAXAAH000H@Z 004207d0 f   fltk:screen_xywh.obj
 0001:0001f890       ?dnd@Fl@@SAHXZ             00420890 f   fltk:fl_dnd.obj
 0001:0001f9d0       ?QueryInterface@FLDropSource@@UAGJABU_GUID@@PAPAX@Z 004209d0 f i fltk:fl_dnd.obj
 0001:0001fa40       ?AddRef@FLDropSource@@UAGKXZ 00420a40 f i fltk:fl_dnd.obj
 0001:0001fa70       ?Release@FLDropSource@@UAGKXZ 00420a70 f i fltk:fl_dnd.obj
 0001:0001fac0       ?GiveFeedback@FLDropSource@@UAGJK@Z 00420ac0 f i fltk:fl_dnd.obj
 0001:0001fad0       ?QueryContinueDrag@FLDropSource@@UAGJHK@Z 00420ad0 f i fltk:fl_dnd.obj
 0001:0001fb00       ?QueryInterface@FLDataObject@@UAGJABU_GUID@@PAPAX@Z 00420b00 f i fltk:fl_dnd.obj
 0001:0001fb70       ?AddRef@FLDataObject@@UAGKXZ 00420b70 f i fltk:fl_dnd.obj
 0001:0001fba0       ?Release@FLDataObject@@UAGKXZ 00420ba0 f i fltk:fl_dnd.obj
 0001:0001fbf0       ?GetData@FLDataObject@@UAGJPAUtagFORMATETC@@PAUtagSTGMEDIUM@@@Z 00420bf0 f i fltk:fl_dnd.obj
 0001:0001fca0       ?QueryGetData@FLDataObject@@UAGJPAUtagFORMATETC@@@Z 00420ca0 f i fltk:fl_dnd.obj
 0001:0001fce0       ?GetDataHere@FLDataObject@@UAGJPAUtagFORMATETC@@PAUtagSTGMEDIUM@@@Z 00420ce0 f i fltk:fl_dnd.obj
 0001:0001fcf0       ?GetCanonicalFormatEtc@FLDataObject@@UAGJPAUtagFORMATETC@@0@Z 00420cf0 f i fltk:fl_dnd.obj
 0001:0001fd00       ?SetData@FLDataObject@@UAGJPAUtagFORMATETC@@PAUtagSTGMEDIUM@@H@Z 00420d00 f i fltk:fl_dnd.obj
 0001:0001fd10       ?EnumFormatEtc@FLDataObject@@UAGJKPAPAUIEnumFORMATETC@@@Z 00420d10 f i fltk:fl_dnd.obj
 0001:0001fd20       ?DAdvise@FLDataObject@@UAGJPAUtagFORMATETC@@KPAUIAdviseSink@@PAK@Z 00420d20 f i fltk:fl_dnd.obj
 0001:0001fd30       ?DUnadvise@FLDataObject@@UAGJK@Z 00420d30 f i fltk:fl_dnd.obj
 0001:0001fd40       ?EnumDAdvise@FLDataObject@@UAGJPAPAUIEnumSTATDATA@@@Z 00420d40 f i fltk:fl_dnd.obj
 0001:0001fd50       ?QueryInterface@FLDropTarget@@UAGJABU_GUID@@PAPAX@Z 00420d50 f i fltk:fl_dnd.obj
 0001:0001fdc0       ?AddRef@FLDropTarget@@UAGKXZ 00420dc0 f i fltk:fl_dnd.obj
 0001:0001fdf0       ?Release@FLDropTarget@@UAGKXZ 00420df0 f i fltk:fl_dnd.obj
 0001:0001fe40       ?DragEnter@FLDropTarget@@UAGJPAUIDataObject@@KU_POINTL@@PAK@Z 00420e40 f i fltk:fl_dnd.obj
 0001:0001ff40       ?DragOver@FLDropTarget@@UAGJKU_POINTL@@PAK@Z 00420f40 f i fltk:fl_dnd.obj
 0001:00020050       ?DragLeave@FLDropTarget@@UAGJXZ 00421050 f i fltk:fl_dnd.obj
 0001:000200e0       ?Drop@FLDropTarget@@UAGJPAUIDataObject@@KU_POINTL@@PAK@Z 004210e0 f i fltk:fl_dnd.obj
 0001:00020250       ?fillCurrentDragData@FLDropTarget@@CADPAUIDataObject@@@Z 00421250 f i fltk:fl_dnd.obj
 0001:000204d0       ?fl_cleanup_pens@@YAXXZ    004214d0 f   fltk:fl_color.obj
 0001:00020520       ?fl_save_pen@@YAXXZ        00421520 f   fltk:fl_color.obj
 0001:00020560       ?fl_restore_pen@@YAXXZ     00421560 f   fltk:fl_color.obj
 0001:000205b0       ?fl_color@@YAXW4Fl_Color@@@Z 004215b0 f   fltk:fl_color.obj
 0001:00020710       ?fl_color@@YAXEEE@Z        00421710 f   fltk:fl_color.obj
 0001:00020840       ?fl_brush@@YAPAUHBRUSH__@@XZ 00421840 f   fltk:fl_color.obj
 0001:00020850       ?fl_brush_action@@YAPAUHBRUSH__@@H@Z 00421850 f   fltk:fl_color.obj
 0001:00020ad0       ?free_color@Fl@@SAXW4Fl_Color@@H@Z 00421ad0 f   fltk:fl_color.obj
 0001:00020b00       ?set_color@Fl@@SAXW4Fl_Color@@I@Z 00421b00 f   fltk:fl_color.obj
 0001:00020b40       ?fl_select_palette@@YAPAUHPALETTE__@@XZ 00421b40 f   fltk:fl_color.obj
 0001:00020cd0       ?get_color@Fl@@SAIW4Fl_Color@@@Z 00421cd0 f   fltk:fl_color.obj
 0001:00020cf0       ?set_color@Fl@@SAXW4Fl_Color@@EEE@Z 00421cf0 f   fltk:fl_color.obj
 0001:00020d20       ?get_color@Fl@@SAXW4Fl_Color@@AAE11@Z 00421d20 f   fltk:fl_color.obj
 0001:00020d70       ?fl_color_average@@YA?AW4Fl_Color@@W41@0M@Z 00421d70 f   fltk:fl_color.obj
 0001:00020ef0       ?fl_inactive@@YA?AW4Fl_Color@@W41@@Z 00421ef0 f   fltk:fl_color.obj
 0001:00020f10       ?fl_contrast@@YA?AW4Fl_Color@@W41@0@Z 00421f10 f   fltk:fl_color.obj
 0001:000210f0       ?background@Fl@@SAXEEE@Z   004220f0 f   fltk:Fl_get_system_colors.obj
 0001:00021300       ?foreground@Fl@@SAXEEE@Z   00422300 f   fltk:Fl_get_system_colors.obj
 0001:00021330       ?background2@Fl@@SAXEEE@Z  00422330 f   fltk:Fl_get_system_colors.obj
 0001:00021380       ?fl_parse_color@@YAHPBDAAE11@Z 00422380 f   fltk:Fl_get_system_colors.obj
 0001:000214e0       ?get_system_colors@Fl@@SAXXZ 004224e0 f   fltk:Fl_get_system_colors.obj
 0001:00021610       ?scheme@Fl@@SAHPBD@Z       00422610 f   fltk:Fl_get_system_colors.obj
 0001:000216f0       ?reload_scheme@Fl@@SAHXZ   004226f0 f   fltk:Fl_get_system_colors.obj
 0001:00021c40       ??0Fl_Pixmap@@QAE@PBQBD@Z  00422c40 f i fltk:Fl_get_system_colors.obj
 0001:00021d10       ??_GFl_Pixmap@@UAEPAXI@Z   00422d10 f i fltk:Fl_get_system_colors.obj
 0001:00021d10       ??_EFl_Pixmap@@UAEPAXI@Z   00422d10 f i fltk:Fl_get_system_colors.obj
 0001:00021d40       ??0Fl_FontSize@@QAE@PBDH@Z 00422d40 f   fltk:fl_font.obj
 0001:00021ec0       ??1Fl_FontSize@@QAE@XZ     00422ec0 f   fltk:fl_font.obj
 0001:00021ef0       ?fl_font@@YAXHH@Z          00422ef0 f   fltk:fl_font.obj
 0001:00022060       ?fl_height@@YAHXZ          00423060 f   fltk:fl_font.obj
 0001:00022090       ?fl_descent@@YAHXZ         00423090 f   fltk:fl_font.obj
 0001:000220b0       ?fl_width@@YANPBDH@Z       004230b0 f   fltk:fl_font.obj
 0001:00022110       ?fl_width@@YANE@Z          00423110 f   fltk:fl_font.obj
 0001:00022140       ?fl_draw@@YAXPBDHHH@Z      00423140 f   fltk:fl_font.obj
 0001:000221c0       ?fl_draw@@YAXPBDHMM@Z      004231c0 f   fltk:fl_font.obj
 0001:000221f0       ?fl_width@@YANPBD@Z        004231f0 f   fltk:fl_font.obj
 0001:00022220       ?fl_draw@@YAXPBDHH@Z       00423220 f   fltk:fl_font.obj
 0001:00022250       ?fl_rectf@@YAXHHHHW4Fl_Color@@@Z 00423250 f i fltk:fl_boxtype.obj
 0001:00022280       ?draw_box_active@Fl@@SAHXZ 00423280 f   fltk:fl_boxtype.obj
 0001:00022290       ?fl_gray_ramp@@YAPAEXZ     00423290 f   fltk:fl_boxtype.obj
 0001:000222c0       ?fl_frame@@YAXPBDHHHH@Z    004232c0 f   fltk:fl_boxtype.obj
 0001:00022470       ?fl_frame2@@YAXPBDHHHH@Z   00423470 f   fltk:fl_boxtype.obj
 0001:00022620       ?fl_no_box@@YAXHHHHW4Fl_Color@@@Z 00423620 f   fltk:fl_boxtype.obj
 0001:00022630       ?fl_thin_down_frame@@YAXHHHHW4Fl_Color@@@Z 00423630 f   fltk:fl_boxtype.obj
 0001:00022660       ?fl_thin_down_box@@YAXHHHHW4Fl_Color@@@Z 00423660 f   fltk:fl_boxtype.obj
 0001:000226e0       ?fl_thin_up_frame@@YAXHHHHW4Fl_Color@@@Z 004236e0 f   fltk:fl_boxtype.obj
 0001:00022710       ?fl_thin_up_box@@YAXHHHHW4Fl_Color@@@Z 00423710 f   fltk:fl_boxtype.obj
 0001:00022790       ?fl_up_frame@@YAXHHHHW4Fl_Color@@@Z 00423790 f   fltk:fl_boxtype.obj
 0001:000227c0       ?fl_up_box@@YAXHHHHW4Fl_Color@@@Z 004237c0 f   fltk:fl_boxtype.obj
 0001:00022840       ?fl_down_frame@@YAXHHHHW4Fl_Color@@@Z 00423840 f   fltk:fl_boxtype.obj
 0001:00022870       ?fl_down_box@@YAXHHHHW4Fl_Color@@@Z 00423870 f   fltk:fl_boxtype.obj
 0001:000228d0       ?fl_engraved_frame@@YAXHHHHW4Fl_Color@@@Z 004238d0 f   fltk:fl_boxtype.obj
 0001:00022900       ?fl_engraved_box@@YAXHHHHW4Fl_Color@@@Z 00423900 f   fltk:fl_boxtype.obj
 0001:00022980       ?fl_embossed_frame@@YAXHHHHW4Fl_Color@@@Z 00423980 f   fltk:fl_boxtype.obj
 0001:000229b0       ?fl_embossed_box@@YAXHHHHW4Fl_Color@@@Z 004239b0 f   fltk:fl_boxtype.obj
 0001:00022a30       ?fl_rectbound@@YAXHHHHW4Fl_Color@@@Z 00423a30 f   fltk:fl_boxtype.obj
 0001:00022ad0       ?fl_border_frame@@YAXHHHHW4Fl_Color@@@Z 00423ad0 f   fltk:fl_boxtype.obj
 0001:00022b20       ?box_dx@Fl@@SAHW4Fl_Boxtype@@@Z 00423b20 f   fltk:fl_boxtype.obj
 0001:00022b40       ?box_dy@Fl@@SAHW4Fl_Boxtype@@@Z 00423b40 f   fltk:fl_boxtype.obj
 0001:00022b60       ?box_dw@Fl@@SAHW4Fl_Boxtype@@@Z 00423b60 f   fltk:fl_boxtype.obj
 0001:00022b80       ?box_dh@Fl@@SAHW4Fl_Boxtype@@@Z 00423b80 f   fltk:fl_boxtype.obj
 0001:00022ba0       ?fl_internal_boxtype@@YAXW4Fl_Boxtype@@P6AXHHHHW4Fl_Color@@@Z@Z 00423ba0 f   fltk:fl_boxtype.obj
 0001:00022be0       ?get_boxtype@Fl@@SAP6AXHHHHW4Fl_Color@@@ZW4Fl_Boxtype@@@Z 00423be0 f   fltk:fl_boxtype.obj
 0001:00022c00       ?set_boxtype@Fl@@SAXW4Fl_Boxtype@@P6AXHHHHW4Fl_Color@@@ZEEEE@Z 00423c00 f   fltk:fl_boxtype.obj
 0001:00022c60       ?set_boxtype@Fl@@SAXW4Fl_Boxtype@@0@Z 00423c60 f   fltk:fl_boxtype.obj
 0001:00022c90       ?fl_draw_box@@YAXW4Fl_Boxtype@@HHHHW4Fl_Color@@@Z 00423c90 f   fltk:fl_boxtype.obj
 0001:00022cd0       ?draw_box@Fl_Widget@@IBEXXZ 00423cd0 f   fltk:fl_boxtype.obj
 0001:00022d30       ?draw_box@Fl_Widget@@IBEXW4Fl_Boxtype@@W4Fl_Color@@@Z 00423d30 f   fltk:fl_boxtype.obj
 0001:00022d70       ?draw_box@Fl_Widget@@IBEXW4Fl_Boxtype@@HHHHW4Fl_Color@@@Z 00423d70 f   fltk:fl_boxtype.obj
 0001:00022dc0       _fl_strlcat                00423dc0 f   fltk:flstring.obj
 0001:00022e40       _fl_strlcpy                00423e40 f   fltk:flstring.obj
 0001:00022e90       ?size@Fl_Menu_Item@@QBEHXZ 00423e90 f   fltk:Fl_Menu.obj
 0001:00022f00       ?next@Fl_Menu_Item@@QBEPBU1@H@Z 00423f00 f   fltk:Fl_Menu.obj
 0001:00022fb0       ?measure@Fl_Menu_Item@@QBEHPAHPBVFl_Menu_@@@Z 00423fb0 f   fltk:Fl_Menu.obj
 0001:000230d0       ?draw@Fl_Menu_Item@@QBEXHHHHPBVFl_Menu_@@H@Z 004240d0 f   fltk:Fl_Menu.obj
 0001:00023910       ??0menutitle@@QAE@HHHHPBUFl_Menu_Item@@@Z 00424910 f   fltk:Fl_Menu.obj
 0001:00023a00       ??0menuwindow@@QAE@PBUFl_Menu_Item@@HHHH00HHH@Z 00424a00 f   fltk:Fl_Menu.obj
 0001:000241d0       ??1menuwindow@@UAE@XZ      004251d0 f   fltk:Fl_Menu.obj
 0001:00024260       ?position@menuwindow@@QAEXHH@Z 00425260 f   fltk:Fl_Menu.obj
 0001:00024300       ?autoscroll@menuwindow@@QAEXH@Z 00425300 f   fltk:Fl_Menu.obj
 0001:000243f0       ?drawentry@menuwindow@@AAEXPBUFl_Menu_Item@@HH@Z 004253f0 f   fltk:Fl_Menu.obj
 0001:00024710       ?draw@menutitle@@EAEXXZ    00425710 f   fltk:Fl_Menu.obj
 0001:00024750       ?draw@menuwindow@@EAEXXZ   00425750 f   fltk:Fl_Menu.obj
 0001:000248d0       ?set_selected@menuwindow@@QAEXH@Z 004258d0 f   fltk:Fl_Menu.obj
 0001:00024910       ?find_selected@menuwindow@@QAEHHH@Z 00425910 f   fltk:Fl_Menu.obj
 0001:00024aa0       ?titlex@menuwindow@@QAEHH@Z 00425aa0 f   fltk:Fl_Menu.obj
 0001:00024b10       ?is_inside@menuwindow@@QAEHHH@Z 00425b10 f   fltk:Fl_Menu.obj
 0001:00024b80       ?is_inside@menustate@@QAEHHH@Z 00425b80 f   fltk:Fl_Menu.obj
 0001:00024be0       ?handle@menuwindow@@UAEHH@Z 00425be0 f   fltk:Fl_Menu.obj
 0001:00025410       ?pulldown@Fl_Menu_Item@@QBEPBU1@HHHHPBU1@PBVFl_Menu_@@0H@Z 00426410 f   fltk:Fl_Menu.obj
 0001:00025ea0       ?popup@Fl_Menu_Item@@QBEPBU1@HHPBDPBU1@PBVFl_Menu_@@@Z 00426ea0 f   fltk:Fl_Menu.obj
 0001:00025ef0       ?find_shortcut@Fl_Menu_Item@@QBEPBU1@PAH@Z 00426ef0 f   fltk:Fl_Menu.obj
 0001:00025f90       ?test_shortcut@Fl_Menu_Item@@QBEPBU1@XZ 00426f90 f   fltk:Fl_Menu.obj
 0001:00026050       ??_Emenutitle@@UAEPAXI@Z   00427050 f i fltk:Fl_Menu.obj
 0001:00026050       ??_Gmenutitle@@UAEPAXI@Z   00427050 f i fltk:Fl_Menu.obj
 0001:00026080       ??_Gmenuwindow@@UAEPAXI@Z  00427080 f i fltk:Fl_Menu.obj
 0001:00026080       ??_Emenuwindow@@UAEPAXI@Z  00427080 f i fltk:Fl_Menu.obj
 0001:000260b0       ?fl_draw@@YAXPBDHHHHW4Fl_Align@@P6AX0HHH@ZPAVFl_Image@@H@Z 004270b0 f   fltk:fl_draw.obj
 0001:00026cd0       ?fl_draw@@YAXPBDHHHHW4Fl_Align@@PAVFl_Image@@H@Z 00427cd0 f   fltk:fl_draw.obj
 0001:00026d80       ?fl_measure@@YAXPBDAAH1H@Z 00427d80 f   fltk:fl_draw.obj
 0001:000270d0       ?grab@Fl@@SAXPAVFl_Window@@@Z 004280d0 f   fltk:Fl_grab.obj
 0001:00027170       ?test_shortcut@Fl@@SAHH@Z  00428170 f   fltk:fl_shortcut.obj
 0001:00027280       ?fl_shortcut_label@@YAPBDH@Z 00428280 f   fltk:fl_shortcut.obj
 0001:00027500       ?fl_old_shortcut@@YAHPBD@Z 00428500 f   fltk:fl_shortcut.obj
 0001:000275c0       ?label_shortcut@Fl_Widget@@SADPBD@Z 004285c0 f   fltk:fl_shortcut.obj
 0001:00027630       ?test_shortcut@Fl_Widget@@SAHPBD@Z 00428630 f   fltk:fl_shortcut.obj
 0001:00027690       ?test_shortcut@Fl_Widget@@QAEHXZ 00428690 f   fltk:fl_shortcut.obj
 0001:000276d0       ?hotspot@Fl_Window@@QAEXHHH@Z 004286d0 f   fltk:Fl_Window_hotspot.obj
 0001:000278b0       ?hotspot@Fl_Window@@QAEXPBVFl_Widget@@H@Z 004288b0 f   fltk:Fl_Window_hotspot.obj
 0001:00027930       _fl_vsnprintf              00428930 f   fltk:vsnprintf.obj
 0001:00028340       _fl_snprintf               00429340 f   fltk:vsnprintf.obj
 0001:00028380       ?draw@Fl_Box@@MAEXXZ       00429380 f   fltk:Fl_Box.obj
 0001:000283a0       ?handle@Fl_Box@@UAEHH@Z    004293a0 f   fltk:Fl_Box.obj
 0001:000283d0       ?fl_return_arrow@@YAHHHHH@Z 004293d0 f   fltk:Fl_Return_Button.obj
 0001:00028540       ?draw@Fl_Return_Button@@MAEXXZ 00429540 f   fltk:Fl_Return_Button.obj
 0001:000286d0       ?handle@Fl_Return_Button@@UAEHH@Z 004296d0 f   fltk:Fl_Return_Button.obj
 0001:00028750       ?_Fl_Slider@Fl_Slider@@AAEXXZ 00429750 f   fltk:Fl_Slider.obj
 0001:00028770       ??0Fl_Slider@@QAE@HHHHPBD@Z 00429770 f   fltk:Fl_Slider.obj
 0001:000287f0       ??0Fl_Slider@@QAE@EHHHHPBD@Z 004297f0 f   fltk:Fl_Slider.obj
 0001:000288a0       ?slider_size@Fl_Slider@@QAEXN@Z 004298a0 f   fltk:Fl_Slider.obj
 0001:00028900       ?bounds@Fl_Slider@@QAEXNN@Z 00429900 f   fltk:Fl_Slider.obj
 0001:00028960       ?scrollvalue@Fl_Slider@@QAEHHHHH@Z 00429960 f   fltk:Fl_Slider.obj
 0001:00028a00       ?draw_bg@Fl_Slider@@AAEXHHHH@Z 00429a00 f   fltk:Fl_Slider.obj
 0001:00028ac0       ?draw@Fl_Slider@@IAEXHHHH@Z 00429ac0 f   fltk:Fl_Slider.obj
 0001:000292f0       ?draw@Fl_Slider@@UAEXXZ    0042a2f0 f   fltk:Fl_Slider.obj
 0001:000293c0       ?handle@Fl_Slider@@IAEHHHHHH@Z 0042a3c0 f   fltk:Fl_Slider.obj
 0001:00029b10       ?handle@Fl_Slider@@UAEHH@Z 0042ab10 f   fltk:Fl_Slider.obj
 0001:00029bf0       ??_EFl_Slider@@UAEPAXI@Z   0042abf0 f i fltk:Fl_Slider.obj
 0001:00029bf0       ??_GFl_Slider@@UAEPAXI@Z   0042abf0 f i fltk:Fl_Slider.obj
 0001:00029c20       ??1Fl_Valuator@@UAE@XZ     0042ac20 f i fltk:Fl_Slider.obj
 0001:00029c40       ?draw@Fl_Light_Button@@MAEXXZ 0042ac40 f   fltk:Fl_Light_Button.obj
 0001:0002a710       ?handle@Fl_Light_Button@@UAEHH@Z 0042b710 f   fltk:Fl_Light_Button.obj
 0001:0002a750       ??0Fl_Light_Button@@QAE@HHHHPBD@Z 0042b750 f   fltk:Fl_Light_Button.obj
 0001:0002a7a0       ??_EFl_Light_Button@@UAEPAXI@Z 0042b7a0 f i fltk:Fl_Light_Button.obj
 0001:0002a7a0       ??_GFl_Light_Button@@UAEPAXI@Z 0042b7a0 f i fltk:Fl_Light_Button.obj
 0001:0002a7d0       ?fl_cursor@@YAXW4Fl_Cursor@@W4Fl_Color@@1@Z 0042b7d0 f   fltk:fl_cursor.obj
 0001:0002a800       ?default_cursor@Fl_Window@@QAEXW4Fl_Cursor@@W4Fl_Color@@1@Z 0042b800 f   fltk:fl_cursor.obj
 0001:0002a840       ?cursor@Fl_Window@@QAEXW4Fl_Cursor@@W4Fl_Color@@1@Z 0042b840 f   fltk:fl_cursor.obj
 0001:0002aae0       ?scrollbar_size@Fl@@SAHXZ  0042bae0 f   fltk:Fl_Browser_.obj
 0001:0002aaf0       ?scrollbar_size@Fl@@SAXH@Z 0042baf0 f   fltk:Fl_Browser_.obj
 0001:0002ab00       ?bbox@Fl_Browser_@@IBEXAAH000@Z 0042bb00 f   fltk:Fl_Browser_.obj
 0001:0002ac60       ?leftedge@Fl_Browser_@@IBEHXZ 0042bc60 f   fltk:Fl_Browser_.obj
 0001:0002ac90       ?resize@Fl_Browser_@@UAEXHHHH@Z 0042bc90 f   fltk:Fl_Browser_.obj
 0001:0002ad70       ?redraw_line@Fl_Browser_@@IAEXPAX@Z 0042bd70 f   fltk:Fl_Browser_.obj
 0001:0002adf0       ?update_top@Fl_Browser_@@AAEXXZ 0042bdf0 f   fltk:Fl_Browser_.obj
 0001:0002b010       ?position@Fl_Browser_@@QAEXH@Z 0042c010 f   fltk:Fl_Browser_.obj
 0001:0002b060       ?hposition@Fl_Browser_@@QAEXH@Z 0042c060 f   fltk:Fl_Browser_.obj
 0001:0002b0b0       ?displayed@Fl_Browser_@@IBEHPAX@Z 0042c0b0 f   fltk:Fl_Browser_.obj
 0001:0002b140       ?display@Fl_Browser_@@QAEXPAX@Z 0042c140 f   fltk:Fl_Browser_.obj
 0001:0002b340       ?draw@Fl_Browser_@@MAEXXZ  0042c340 f   fltk:Fl_Browser_.obj
 0001:0002c030       ?new_list@Fl_Browser_@@IAEXXZ 0042d030 f   fltk:Fl_Browser_.obj
 0001:0002c0b0       ?deleting@Fl_Browser_@@IAEXPAX@Z 0042d0b0 f   fltk:Fl_Browser_.obj
 0001:0002c190       ?replacing@Fl_Browser_@@IAEXPAX0@Z 0042d190 f   fltk:Fl_Browser_.obj
 0001:0002c200       ?swapping@Fl_Browser_@@IAEXPAX0@Z 0042d200 f   fltk:Fl_Browser_.obj
 0001:0002c280       ?inserting@Fl_Browser_@@IAEXPAX0@Z 0042d280 f   fltk:Fl_Browser_.obj
 0001:0002c2c0       ?find_item@Fl_Browser_@@IAEPAXH@Z 0042d2c0 f   fltk:Fl_Browser_.obj
 0001:0002c370       ?select@Fl_Browser_@@QAEHPAXHH@Z 0042d370 f   fltk:Fl_Browser_.obj
 0001:0002c520       ?deselect@Fl_Browser_@@QAEHH@Z 0042d520 f   fltk:Fl_Browser_.obj
 0001:0002c5e0       ?select_only@Fl_Browser_@@QAEHPAXH@Z 0042d5e0 f   fltk:Fl_Browser_.obj
 0001:0002c6a0       ?handle@Fl_Browser_@@UAEHH@Z 0042d6a0 f   fltk:Fl_Browser_.obj
 0001:0002d330       ??0Fl_Browser_@@IAE@HHHHPBD@Z 0042e330 f   fltk:Fl_Browser_.obj
 0001:0002d530       ?item_quick_height@Fl_Browser_@@MBEHPAX@Z 0042e530 f   fltk:Fl_Browser_.obj
 0001:0002d550       ?incr_height@Fl_Browser_@@MBEHXZ 0042e550 f   fltk:Fl_Browser_.obj
 0001:0002d580       ?full_height@Fl_Browser_@@MBEHXZ 0042e580 f   fltk:Fl_Browser_.obj
 0001:0002d5e0       ?full_width@Fl_Browser_@@MBEHXZ 0042e5e0 f   fltk:Fl_Browser_.obj
 0001:0002d600       ?item_select@Fl_Browser_@@MAEXPAXH@Z 0042e600 f   fltk:Fl_Browser_.obj
 0001:0002d610       ?item_selected@Fl_Browser_@@MBEHPAX@Z 0042e610 f   fltk:Fl_Browser_.obj
 0001:0002d630       ??_GFl_Browser_@@UAEPAXI@Z 0042e630 f i fltk:Fl_Browser_.obj
 0001:0002d630       ??_EFl_Browser_@@UAEPAXI@Z 0042e630 f i fltk:Fl_Browser_.obj
 0001:0002d6c0       ??0Fl_File_Input@@QAE@HHHHPBD@Z 0042e6c0 f   fltk:Fl_File_Input.obj
 0001:0002d730       ?draw_buttons@Fl_File_Input@@AAEXXZ 0042e730 f   fltk:Fl_File_Input.obj
 0001:0002da70       ?update_buttons@Fl_File_Input@@AAEXXZ 0042ea70 f   fltk:Fl_File_Input.obj
 0001:0002db80       ?value@Fl_File_Input@@QAEHPBDH@Z 0042eb80 f   fltk:Fl_File_Input.obj
 0001:0002dbb0       ?value@Fl_File_Input@@QAEHPBD@Z 0042ebb0 f   fltk:Fl_File_Input.obj
 0001:0002dbe0       ?draw@Fl_File_Input@@UAEXXZ 0042ebe0 f   fltk:Fl_File_Input.obj
 0001:0002dd50       ?handle@Fl_File_Input@@UAEHH@Z 0042ed50 f   fltk:Fl_File_Input.obj
 0001:0002de70       ?handle_button@Fl_File_Input@@AAEHH@Z 0042ee70 f   fltk:Fl_File_Input.obj
 0001:0002e120       ??_GFl_File_Input@@UAEPAXI@Z 0042f120 f i fltk:Fl_File_Input.obj
 0001:0002e120       ??_EFl_File_Input@@UAEPAXI@Z 0042f120 f i fltk:Fl_File_Input.obj
 0001:0002e150       ??0Fl_Preferences@@QAE@W4Root@0@PBD1@Z 0042f150 f   fltk:Fl_Preferences.obj
 0001:0002e230       ??0Fl_Preferences@@QAE@PBD00@Z 0042f230 f   fltk:Fl_Preferences.obj
 0001:0002e310       ??0Fl_Preferences@@QAE@AAV0@PBD@Z 0042f310 f   fltk:Fl_Preferences.obj
 0001:0002e340       ??0Fl_Preferences@@QAE@PAV0@PBD@Z 0042f340 f   fltk:Fl_Preferences.obj
 0001:0002e370       ??1Fl_Preferences@@QAE@XZ  0042f370 f   fltk:Fl_Preferences.obj
 0001:0002e3f0       ?groups@Fl_Preferences@@QAEHXZ 0042f3f0 f   fltk:Fl_Preferences.obj
 0001:0002e410       ?group@Fl_Preferences@@QAEPBDH@Z 0042f410 f   fltk:Fl_Preferences.obj
 0001:0002e430       ?groupExists@Fl_Preferences@@QAEDPBD@Z 0042f430 f   fltk:Fl_Preferences.obj
 0001:0002e460       ?deleteGroup@Fl_Preferences@@QAEDPBD@Z 0042f460 f   fltk:Fl_Preferences.obj
 0001:0002e4a0       ?entries@Fl_Preferences@@QAEHXZ 0042f4a0 f   fltk:Fl_Preferences.obj
 0001:0002e4c0       ?entry@Fl_Preferences@@QAEPBDH@Z 0042f4c0 f   fltk:Fl_Preferences.obj
 0001:0002e4e0       ?entryExists@Fl_Preferences@@QAEDPBD@Z 0042f4e0 f   fltk:Fl_Preferences.obj
 0001:0002e510       ?deleteEntry@Fl_Preferences@@QAEDPBD@Z 0042f510 f   fltk:Fl_Preferences.obj
 0001:0002e530       ?get@Fl_Preferences@@QAEDPBDAAHH@Z 0042f530 f   fltk:Fl_Preferences.obj
 0001:0002e580       ?set@Fl_Preferences@@QAEDPBDH@Z 0042f580 f   fltk:Fl_Preferences.obj
 0001:0002e5c0       ?get@Fl_Preferences@@QAEDPBDAAMM@Z 0042f5c0 f   fltk:Fl_Preferences.obj
 0001:0002e610       ?set@Fl_Preferences@@QAEDPBDM@Z 0042f610 f   fltk:Fl_Preferences.obj
 0001:0002e650       ?set@Fl_Preferences@@QAEDPBDMH@Z 0042f650 f   fltk:Fl_Preferences.obj
 0001:0002e6a0       ?get@Fl_Preferences@@QAEDPBDAANN@Z 0042f6a0 f   fltk:Fl_Preferences.obj
 0001:0002e6f0       ?set@Fl_Preferences@@QAEDPBDN@Z 0042f6f0 f   fltk:Fl_Preferences.obj
 0001:0002e730       ?set@Fl_Preferences@@QAEDPBDNH@Z 0042f730 f   fltk:Fl_Preferences.obj
 0001:0002e780       ?get@Fl_Preferences@@QAEDPBDPAD0H@Z 0042f780 f   fltk:Fl_Preferences.obj
 0001:0002e9e0       ?get@Fl_Preferences@@QAEDPBDAAPAD0@Z 0042f9e0 f   fltk:Fl_Preferences.obj
 0001:0002ea70       ?set@Fl_Preferences@@QAEDPBD0@Z 0042fa70 f   fltk:Fl_Preferences.obj
 0001:0002ecb0       ?get@Fl_Preferences@@QAEDPBDPAXPBXHH@Z 0042fcb0 f   fltk:Fl_Preferences.obj
 0001:0002ee70       ?get@Fl_Preferences@@QAEDPBDAAPAXPBXH@Z 0042fe70 f   fltk:Fl_Preferences.obj
 0001:0002eef0       ?set@Fl_Preferences@@QAEDPBDPBXH@Z 0042fef0 f   fltk:Fl_Preferences.obj
 0001:0002efa0       ?size@Fl_Preferences@@QAEHPBD@Z 0042ffa0 f   fltk:Fl_Preferences.obj
 0001:0002eff0       ?getUserdataPath@Fl_Preferences@@QAEDPADH@Z 0042fff0 f   fltk:Fl_Preferences.obj
 0001:0002f020       ?flush@Fl_Preferences@@QAEXXZ 00430020 f   fltk:Fl_Preferences.obj
 0001:0002f050       ??0Name@Fl_Preferences@@QAE@I@Z 00430050 f   fltk:Fl_Preferences.obj
 0001:0002f090       ??0Name@Fl_Preferences@@QAA@PBDZZ 00430090 f   fltk:Fl_Preferences.obj
 0001:0002f0e0       ??1Name@Fl_Preferences@@QAE@XZ 004300e0 f   fltk:Fl_Preferences.obj
 0001:0002f110       ??0RootNode@Fl_Preferences@@QAE@PAV1@W4Root@1@PBD2@Z 00430110 f   fltk:Fl_Preferences.obj
 0001:0002f390       ??0RootNode@Fl_Preferences@@QAE@PAV1@PBD11@Z 00430390 f   fltk:Fl_Preferences.obj
 0001:0002f480       ??1RootNode@Fl_Preferences@@QAE@XZ 00430480 f   fltk:Fl_Preferences.obj
 0001:0002f560       ?read@RootNode@Fl_Preferences@@QAEHXZ 00430560 f   fltk:Fl_Preferences.obj
 0001:0002f720       ?write@RootNode@Fl_Preferences@@QAEHXZ 00430720 f   fltk:Fl_Preferences.obj
 0001:0002f900       ?getPath@RootNode@Fl_Preferences@@QAEDPADH@Z 00430900 f   fltk:Fl_Preferences.obj
 0001:0002f9a0       ??0Node@Fl_Preferences@@QAE@PBD@Z 004309a0 f   fltk:Fl_Preferences.obj
 0001:0002fa20       ??1Node@Fl_Preferences@@QAE@XZ 00430a20 f   fltk:Fl_Preferences.obj
 0001:0002fb90       ?dirty@Node@Fl_Preferences@@QAEDXZ 00430b90 f   fltk:Fl_Preferences.obj
 0001:0002fbf0       ?write@Node@Fl_Preferences@@QAEHPAU_iobuf@@@Z 00430bf0 f   fltk:Fl_Preferences.obj
 0001:0002fda0       ?setParent@Node@Fl_Preferences@@QAEXPAV12@@Z 00430da0 f   fltk:Fl_Preferences.obj
 0001:0002fe10       ?addChild@Node@Fl_Preferences@@QAEPAV12@PBD@Z 00430e10 f   fltk:Fl_Preferences.obj
 0001:0002fe80       ?set@Node@Fl_Preferences@@QAEXPBD0@Z 00430e80 f   fltk:Fl_Preferences.obj
 0001:00030020       ?set@Node@Fl_Preferences@@QAEXPBD@Z 00431020 f   fltk:Fl_Preferences.obj
 0001:000300f0       ?add@Node@Fl_Preferences@@QAEXPBD@Z 004310f0 f   fltk:Fl_Preferences.obj
 0001:00030190       ?get@Node@Fl_Preferences@@QAEPBDPBD@Z 00431190 f   fltk:Fl_Preferences.obj
 0001:000301d0       ?getEntry@Node@Fl_Preferences@@QAEHPBD@Z 004311d0 f   fltk:Fl_Preferences.obj
 0001:00030230       ?deleteEntry@Node@Fl_Preferences@@QAEDPBD@Z 00431230 f   fltk:Fl_Preferences.obj
 0001:000302b0       ?find@Node@Fl_Preferences@@QAEPAV12@PBD@Z 004312b0 f   fltk:Fl_Preferences.obj
 0001:00030440       ?search@Node@Fl_Preferences@@QAEPAV12@PBDH@Z 00431440 f   fltk:Fl_Preferences.obj
 0001:000305a0       ?nChildren@Node@Fl_Preferences@@QAEHXZ 004315a0 f   fltk:Fl_Preferences.obj
 0001:000305e0       ?child@Node@Fl_Preferences@@QAEPBDH@Z 004315e0 f   fltk:Fl_Preferences.obj
 0001:00030670       ?remove@Node@Fl_Preferences@@QAEDXZ 00431670 f   fltk:Fl_Preferences.obj
 0001:00030740       ?full_height@Fl_File_Browser@@EBEHXZ 00431740 f   fltk:Fl_File_Browser.obj
 0001:000307a0       ?item_height@Fl_File_Browser@@EBEHPAX@Z 004317a0 f   fltk:Fl_File_Browser.obj
 0001:00030850       ?item_width@Fl_File_Browser@@EBEHPAX@Z 00431850 f   fltk:Fl_File_Browser.obj
 0001:00030c00       ?item_draw@Fl_File_Browser@@EBEXPAXHHHH@Z 00431c00 f   fltk:Fl_File_Browser.obj
 0001:00031170       ??0Fl_File_Browser@@QAE@HHHHPBD@Z 00432170 f   fltk:Fl_File_Browser.obj
 0001:000311f0       ?load@Fl_File_Browser@@QAEHPBDP6AHPAPAUdirent@@1@Z@Z 004321f0 f   fltk:Fl_File_Browser.obj
 0001:00031590       ?filter@Fl_File_Browser@@QAEXPBD@Z 00432590 f   fltk:Fl_File_Browser.obj
 0001:000315c0       ?incr_height@Fl_File_Browser@@EBEHXZ 004325c0 f i fltk:Fl_File_Browser.obj
 0001:000315e0       ??_EFl_File_Browser@@UAEPAXI@Z 004325e0 f i fltk:Fl_File_Browser.obj
 0001:000315e0       ??_GFl_File_Browser@@UAEPAXI@Z 004325e0 f i fltk:Fl_File_Browser.obj
 0001:00031610       ??1Fl_Browser@@UAE@XZ      00432610 f i fltk:Fl_File_Browser.obj
 0001:000316a0       ??_EFl_Browser@@UAEPAXI@Z  004326a0 f i fltk:Fl_File_Browser.obj
 0001:000316a0       ??_GFl_Browser@@UAEPAXI@Z  004326a0 f i fltk:Fl_File_Browser.obj
 0001:000316d0       ??1Fl_Browser_@@UAE@XZ     004326d0 f i fltk:Fl_File_Browser.obj
 0001:00031740       ?draw@Fl_Menu_Button@@MAEXXZ 00432740 f   fltk:Fl_Menu_Button.obj
 0001:00031900       ?popup@Fl_Menu_Button@@QAEPBUFl_Menu_Item@@XZ 00432900 f   fltk:Fl_Menu_Button.obj
 0001:00031a30       ?handle@Fl_Menu_Button@@UAEHH@Z 00432a30 f   fltk:Fl_Menu_Button.obj
 0001:00031c10       ??0Fl_Menu_Button@@QAE@HHHHPBD@Z 00432c10 f   fltk:Fl_Menu_Button.obj
 0001:00031c50       ??_EFl_Menu_Button@@UAEPAXI@Z 00432c50 f i fltk:Fl_Menu_Button.obj
 0001:00031c50       ??_GFl_Menu_Button@@UAEPAXI@Z 00432c50 f i fltk:Fl_Menu_Button.obj
 0001:00031c80       ?draw@Fl_Choice@@MAEXXZ    00432c80 f   fltk:Fl_Choice.obj
 0001:00032380       ??0Fl_Choice@@QAE@HHHHPBD@Z 00433380 f   fltk:Fl_Choice.obj
 0001:000323e0       ?value@Fl_Choice@@QAEHPBUFl_Menu_Item@@@Z 004333e0 f   fltk:Fl_Choice.obj
 0001:00032410       ?value@Fl_Choice@@QAEHH@Z  00433410 f   fltk:Fl_Choice.obj
 0001:00032480       ?handle@Fl_Choice@@UAEHH@Z 00433480 f   fltk:Fl_Choice.obj
 0001:00032710       ??_EFl_Choice@@UAEPAXI@Z   00433710 f i fltk:Fl_Choice.obj
 0001:00032710       ??_GFl_Choice@@UAEPAXI@Z   00433710 f i fltk:Fl_Choice.obj
 0001:00032740       ?show@Fl_Double_Window@@UAEXXZ 00433740 f   fltk:Fl_Double_Window.obj
 0001:00032760       ?fl_can_do_alpha_blending@@YADXZ 00433760 f   fltk:Fl_Double_Window.obj
 0001:000328b0       ?fl_makeDC@@YAPAUHDC__@@PAUHBITMAP__@@@Z 004338b0 f   fltk:Fl_Double_Window.obj
 0001:00032910       ?fl_copy_offscreen@@YAXHHHHPAUHBITMAP__@@HH@Z 00433910 f   fltk:Fl_Double_Window.obj
 0001:00032990       ?fl_copy_offscreen_with_alpha@@YAXHHHHPAUHBITMAP__@@HH@Z 00433990 f   fltk:Fl_Double_Window.obj
 0001:00032a60       ?flush@Fl_Double_Window@@UAEXXZ 00433a60 f   fltk:Fl_Double_Window.obj
 0001:00032a80       ?flush@Fl_Double_Window@@IAEXH@Z 00433a80 f   fltk:Fl_Double_Window.obj
 0001:00032be0       ?resize@Fl_Double_Window@@UAEXHHHH@Z 00433be0 f   fltk:Fl_Double_Window.obj
 0001:00032c70       ?hide@Fl_Double_Window@@UAEXXZ 00433c70 f   fltk:Fl_Double_Window.obj
 0001:00032cb0       ??1Fl_Double_Window@@UAE@XZ 00433cb0 f   fltk:Fl_Double_Window.obj
 0001:00032d10       ?position@Fl_Tile@@QAEXHHHH@Z 00433d10 f   fltk:Fl_Tile.obj
 0001:00032ed0       ?resize@Fl_Tile@@UAEXHHHH@Z 00433ed0 f   fltk:Fl_Tile.obj
 0001:000330e0       ?handle@Fl_Tile@@UAEHH@Z   004340e0 f   fltk:Fl_Tile.obj
 0001:00033560       ??1Fl_Image@@UAE@XZ        00434560 f   fltk:Fl_Image.obj
 0001:00033580       ?uncache@Fl_Image@@UAEXXZ  00434580 f   fltk:Fl_Image.obj
 0001:00033590       ?draw@Fl_Image@@UAEXHHHHHH@Z 00434590 f   fltk:Fl_Image.obj
 0001:000335b0       ?draw_empty@Fl_Image@@IAEXHH@Z 004345b0 f   fltk:Fl_Image.obj
 0001:00033690       ?copy@Fl_Image@@UAEPAV1@HH@Z 00434690 f   fltk:Fl_Image.obj
 0001:00033720       ?color_average@Fl_Image@@UAEXW4Fl_Color@@M@Z 00434720 f   fltk:Fl_Image.obj
 0001:00033730       ?desaturate@Fl_Image@@UAEXXZ 00434730 f   fltk:Fl_Image.obj
 0001:00033740       ?label@Fl_Image@@UAEXPAVFl_Widget@@@Z 00434740 f   fltk:Fl_Image.obj
 0001:00033760       ?label@Fl_Image@@UAEXPAUFl_Menu_Item@@@Z 00434760 f   fltk:Fl_Image.obj
 0001:00033790       ?labeltype@Fl_Image@@KAXPBUFl_Label@@HHHHW4Fl_Align@@@Z 00434790 f   fltk:Fl_Image.obj
 0001:00033860       ?measure@Fl_Image@@KAXPBUFl_Label@@AAH1@Z 00434860 f   fltk:Fl_Image.obj
 0001:000338a0       ??1Fl_RGB_Image@@UAE@XZ    004348a0 f   fltk:Fl_Image.obj
 0001:00033920       ?uncache@Fl_RGB_Image@@UAEXXZ 00434920 f   fltk:Fl_Image.obj
 0001:00033970       ?copy@Fl_RGB_Image@@UAEPAVFl_Image@@HH@Z 00434970 f   fltk:Fl_Image.obj
 0001:00034140       ?color_average@Fl_RGB_Image@@UAEXW4Fl_Color@@M@Z 00435140 f   fltk:Fl_Image.obj
 0001:00034520       ?desaturate@Fl_RGB_Image@@UAEXXZ 00435520 f   fltk:Fl_Image.obj
 0001:00034730       ?draw@Fl_RGB_Image@@UAEXHHHHHH@Z 00435730 f   fltk:Fl_Image.obj
 0001:00034c80       ?label@Fl_RGB_Image@@UAEXPAVFl_Widget@@@Z 00435c80 f   fltk:Fl_Image.obj
 0001:00034ca0       ?label@Fl_RGB_Image@@UAEXPAUFl_Menu_Item@@@Z 00435ca0 f   fltk:Fl_Image.obj
 0001:00034cd0       ??_EFl_RGB_Image@@UAEPAXI@Z 00435cd0 f i fltk:Fl_Image.obj
 0001:00034cd0       ??_GFl_RGB_Image@@UAEPAXI@Z 00435cd0 f i fltk:Fl_Image.obj
 0001:00034d00       ?fl_create_bitmask@@YAPAUHBITMAP__@@HHPBE@Z 00435d00 f   fltk:Fl_Bitmap.obj
 0001:00034fc0       ?fl_delete_bitmask@@YAXPAUHBITMAP__@@@Z 00435fc0 f   fltk:Fl_Bitmap.obj
 0001:00034fd0       ?fl_create_alphamask@@YAPAUHBITMAP__@@HHHHPBE@Z 00435fd0 f   fltk:Fl_Bitmap.obj
 0001:00035110       ?draw@Fl_Bitmap@@UAEXHHHHHH@Z 00436110 f   fltk:Fl_Bitmap.obj
 0001:000353f0       ??1Fl_Bitmap@@UAE@XZ       004363f0 f   fltk:Fl_Bitmap.obj
 0001:00035470       ?uncache@Fl_Bitmap@@UAEXXZ 00436470 f   fltk:Fl_Bitmap.obj
 0001:000354a0       ?label@Fl_Bitmap@@UAEXPAVFl_Widget@@@Z 004364a0 f   fltk:Fl_Bitmap.obj
 0001:000354c0       ?label@Fl_Bitmap@@UAEXPAUFl_Menu_Item@@@Z 004364c0 f   fltk:Fl_Bitmap.obj
 0001:000354f0       ?copy@Fl_Bitmap@@UAEPAVFl_Image@@HH@Z 004364f0 f   fltk:Fl_Bitmap.obj
 0001:000358f0       _fl_casenumericsort        004368f0 f   fltk:numericsort.obj
 0001:00035b40       _fl_numericsort            00436b40 f   fltk:numericsort.obj
 0001:00035b60       ?item_first@Fl_Browser@@MBEPAXXZ 00436b60 f   fltk:Fl_Browser.obj
 0001:00035b80       ?item_next@Fl_Browser@@MBEPAXPAX@Z 00436b80 f   fltk:Fl_Browser.obj
 0001:00035ba0       ?item_prev@Fl_Browser@@MBEPAXPAX@Z 00436ba0 f   fltk:Fl_Browser.obj
 0001:00035bc0       ?item_selected@Fl_Browser@@MBEHPAX@Z 00436bc0 f   fltk:Fl_Browser.obj
 0001:00035be0       ?item_select@Fl_Browser@@MAEXPAXH@Z 00436be0 f   fltk:Fl_Browser.obj
 0001:00035c20       ?find_line@Fl_Browser@@IBEPAUFL_BLINE@@H@Z 00436c20 f   fltk:Fl_Browser.obj
 0001:00035d50       ?lineno@Fl_Browser@@IBEHPAX@Z 00436d50 f   fltk:Fl_Browser.obj
 0001:00035ea0       ?_remove@Fl_Browser@@IAEPAUFL_BLINE@@H@Z 00436ea0 f   fltk:Fl_Browser.obj
 0001:00035f80       ?remove@Fl_Browser@@QAEXH@Z 00436f80 f   fltk:Fl_Browser.obj
 0001:00035fc0       ?insert@Fl_Browser@@IAEXHPAUFL_BLINE@@@Z 00436fc0 f   fltk:Fl_Browser.obj
 0001:00036140       ?insert@Fl_Browser@@QAEXHPBDPAX@Z 00437140 f   fltk:Fl_Browser.obj
 0001:000361b0       ?move@Fl_Browser@@QAEXHH@Z 004371b0 f   fltk:Fl_Browser.obj
 0001:000361f0       ?text@Fl_Browser@@QAEXHPBD@Z 004371f0 f   fltk:Fl_Browser.obj
 0001:00036330       ?data@Fl_Browser@@QAEXHPAX@Z 00437330 f   fltk:Fl_Browser.obj
 0001:00036370       ?item_height@Fl_Browser@@MBEHPAX@Z 00437370 f   fltk:Fl_Browser.obj
 0001:00036680       ?item_width@Fl_Browser@@MBEHPAX@Z 00437680 f   fltk:Fl_Browser.obj
 0001:00036920       ?full_height@Fl_Browser@@MBEHXZ 00437920 f   fltk:Fl_Browser.obj
 0001:00036940       ?incr_height@Fl_Browser@@MBEHXZ 00437940 f   fltk:Fl_Browser.obj
 0001:00036960       ?item_draw@Fl_Browser@@MBEXPAXHHHH@Z 00437960 f   fltk:Fl_Browser.obj
 0001:00036e10       ??0Fl_Browser@@QAE@HHHHPBD@Z 00437e10 f   fltk:Fl_Browser.obj
 0001:00036ec0       ?lineposition@Fl_Browser@@QAEXHW4Fl_Line_Position@1@@Z 00437ec0 f   fltk:Fl_Browser.obj
 0001:00036ff0       ?topline@Fl_Browser@@QBEHXZ 00437ff0 f   fltk:Fl_Browser.obj
 0001:00037020       ?clear@Fl_Browser@@QAEXXZ  00438020 f   fltk:Fl_Browser.obj
 0001:00037090       ?add@Fl_Browser@@QAEXPBDPAX@Z 00438090 f   fltk:Fl_Browser.obj
 0001:000370c0       ?text@Fl_Browser@@QBEPBDH@Z 004380c0 f   fltk:Fl_Browser.obj
 0001:00037100       ?data@Fl_Browser@@QBEPAXH@Z 00438100 f   fltk:Fl_Browser.obj
 0001:00037140       ?select@Fl_Browser@@QAEHHH@Z 00438140 f   fltk:Fl_Browser.obj
 0001:00037180       ?selected@Fl_Browser@@QBEHH@Z 00438180 f   fltk:Fl_Browser.obj
 0001:000371c0       ?show@Fl_Browser@@QAEXH@Z  004381c0 f   fltk:Fl_Browser.obj
 0001:00037240       ?hide@Fl_Browser@@QAEXH@Z  00438240 f   fltk:Fl_Browser.obj
 0001:000372c0       ?display@Fl_Browser@@QAEXHH@Z 004382c0 f   fltk:Fl_Browser.obj
 0001:00037310       ?visible@Fl_Browser@@QBEHH@Z 00438310 f   fltk:Fl_Browser.obj
 0001:00037350       ?value@Fl_Browser@@QBEHXZ  00438350 f   fltk:Fl_Browser.obj
 0001:00037380       ?swap@Fl_Browser@@IAEXPAUFL_BLINE@@0@Z 00438380 f   fltk:Fl_Browser.obj
 0001:00037560       ?swap@Fl_Browser@@QAEXHH@Z 00438560 f   fltk:Fl_Browser.obj
 0001:000375d0       ?fl_filename_absolute@@YAHPADHPBD@Z 004385d0 f   fltk:filename_absolute.obj
 0001:00037870       ?fl_filename_relative@@YAHPADHPBD@Z 00438870 f   fltk:filename_absolute.obj
 0001:00037e30       ?add@Fl_Menu_Item@@QAEHPBDHP6AXPAVFl_Widget@@PAX@Z2H@Z 00438e30 f   fltk:Fl_Menu_add.obj
 0001:000383a0       ?add@Fl_Menu_@@QAEHPBDHP6AXPAVFl_Widget@@PAX@Z2H@Z 004393a0 f   fltk:Fl_Menu_add.obj
 0001:000385c0       ?add@Fl_Menu_@@QAEHPBD@Z   004395c0 f   fltk:Fl_Menu_add.obj
 0001:000386f0       ?replace@Fl_Menu_@@QAEXHPBD@Z 004396f0 f   fltk:Fl_Menu_add.obj
 0001:00038780       ?remove@Fl_Menu_@@QAEXH@Z  00439780 f   fltk:Fl_Menu_add.obj
 0001:00038860       ??0Fl_File_Icon@@QAE@PBDHHPAF@Z 00439860 f   fltk:Fl_File_Icon.obj
 0001:00038900       ??1Fl_File_Icon@@QAE@XZ    00439900 f   fltk:Fl_File_Icon.obj
 0001:00038980       ?add@Fl_File_Icon@@QAEPAFF@Z 00439980 f   fltk:Fl_File_Icon.obj
 0001:00038a50       ?find@Fl_File_Icon@@SAPAV1@PBDH@Z 00439a50 f   fltk:Fl_File_Icon.obj
 0001:00038b20       ?draw@Fl_File_Icon@@QAEXHHHHW4Fl_Color@@H@Z 00439b20 f   fltk:Fl_File_Icon.obj
 0001:00038ff0       ?label@Fl_File_Icon@@QAEXPAVFl_Widget@@@Z 00439ff0 f   fltk:Fl_File_Icon.obj
 0001:00039020       ?labeltype@Fl_File_Icon@@SAXPBUFl_Label@@HHHHW4Fl_Align@@@Z 0043a020 f   fltk:Fl_File_Icon.obj
 0001:00039060       ?_fl_filename_isdir_quick@@YAHPBD@Z 0043a060 f   fltk:filename_isdir.obj
 0001:000390d0       ?fl_filename_isdir@@YAHPBD@Z 0043a0d0 f   fltk:filename_isdir.obj
 0001:00039280       ?fl_filename_expand@@YAHPADHPBD@Z 0043a280 f   fltk:filename_expand.obj
 0001:00039510       ?images@Fl_Shared_Image@@SAPAPAV1@XZ 0043a510 f   fltk:Fl_Shared_Image.obj
[...]
 0003:00002850       $SG3810                    004bf850     fltk:vsnprintf.obj
 0003:00002854       $SG3826                    004bf854     fltk:vsnprintf.obj
 0003:00002858       $SG3923                    004bf858     fltk:vsnprintf.obj
 0003:000028a0       ?lu@?3??set@Fl_Preferences@@QAEDPBDPBXH@Z@4PADA 004bf8a0     fltk:Fl_Preferences.obj
 0003:00002928       _blendfunc                 004bf928     fltk:Fl_Double_Window.obj
 0003:0000292c       _cursors                   004bf92c     fltk:Fl_Tile.obj
 0003:00002958       ?loNibble@?1??fl_create_bitmask@@YAPAUHBITMAP__@@HHPBE@Z@4PAEA 004bf958     fltk:Fl_Bitmap.obj
 0003:00002968       ?hiNibble@?1??fl_create_bitmask@@YAPAUHBITMAP__@@HHPBE@Z@4PAEA 004bf968     fltk:Fl_Bitmap.obj
 0003:00002978       ?dither@?1??fl_create_alphamask@@YAPAUHBITMAP__@@HHHHPBE@Z@4PAY0BA@EA 004bf978     fltk:Fl_Bitmap.obj
 0003:00002a78       ?reverse@?1??fl_create_bitmap@@YAPAUHBITMAP__@@HHPBE@Z@4PAEA 004bfa78     fltk:Fl_Bitmap.obj
 0003:00002ac8       _ControlCodeTable          004bfac8     fltk:Fl_Text_Buffer.obj
 0003:00002b48       ?replacements@?1??chooseNullSubsChar@@YADQAD@Z@4PADA 004bfb48     fltk:Fl_Text_Buffer.obj
 0003:00002b84       _symbnumb                  004bfb84     fltk:fl_symbols.obj
 0003:00002b88       _m                         004bfb88     fltk:fl_vertex.obj
 0003:00002bf0       ?Join@?1??fl_line_style@@YAXHHPAD@Z@4PAKA 004bfbf0     fltk:fl_line_style.obj
 0003:00002c00       ?Cap@?1??fl_line_style@@YAXHHPAD@Z@4PAKA 004bfc00     fltk:fl_line_style.obj
 0003:00002c10       $SG32712                   004bfc10     fltk:scandir.obj
 0003:00002c14       $SG32715                   004bfc14     fltk:scandir.obj
 0003:00002c18       $SG32721                   004bfc18     fltk:scandir.obj
 0003:00002c1c       $SG32732                   004bfc1c     fltk:scandir.obj
 0003:00003430       ?haveInitialized@?1??printString@@YAXPAD@Z@4_NA 004c0430     debuggingView.obj
 0003:00003434       ?lights@?1??lightScene@DebuggingView@@QAEXXZ@4V?$vector@IV?$allocator@I@std@@@std@@A 004c0434     debuggingView.obj
 0003:00003440       ?$TSS0@?1??lightScene@DebuggingView@@QAEXXZ@4HA 004c0440     debuggingView.obj
 0003:00003444       ?texName@?1??drawCamera@DebuggingView@@QAEXXZ@4IA 004c0444     debuggingView.obj
 0003:00003448       ?displayLists@?1??glDrawLocal@Sphere@@MBEXH_N0@Z@4V?$map@HIU?$less@H@std@@V?$allocator@U?$pair@$$CBHI@std@@@2@@std@@A 004c0448     glObjects.obj
 0003:00003450       ?$TSS0@?1??glDrawLocal@Sphere@@MBEXH_N0@Z@4HA 004c0450     glObjects.obj
 0003:00003454       ?boxDisplayLists@?1??glDrawLocal@Box@@MBEXH_N0@Z@4V?$map@HIU?$less@H@std@@V?$allocator@U?$pair@$$CBHI@std@@@2@@std@@A 004c0454     glObjects.obj
 0003:0000345c       ?$TSS0@?1??glDrawLocal@Box@@MBEXH_N0@Z@4HA 004c045c     glObjects.obj
 0003:00003460       ?displayLists@?1??glDrawLocal@Cylinder@@MBEXH_N0@Z@4V?$map@HIU?$less@H@std@@V?$allocator@U?$pair@$$CBHI@std@@@2@@std@@A 004c0460     glObjects.obj
 0003:00003468       ?$TSS0@?1??glDrawLocal@Cylinder@@MBEXH_N0@Z@4HA 004c0468     glObjects.obj
 0003:0000346c       ?displayLists@?1??glDrawLocal@Square@@MBEXH_N0@Z@4V?$map@HIU?$less@H@std@@V?$allocator@U?$pair@$$CBHI@std@@@2@@std@@A 004c046c     glObjects.obj
 0003:00003474       ?$TSS0@?1??glDrawLocal@Square@@MBEXH_N0@Z@4HA 004c0474     glObjects.obj
 0003:00003478       ?displayList@?8??glDraw@PointLight@@UBEXXZ@4IA 004c0478     glObjects.obj
 0003:00003480       ?lastFile@?1??cb_load_scene@GraphicalUI@@CAXPAVFl_Menu_@@PAX@Z@4PADA 004c0480     GraphicalUI.obj
 0003:000035b4       ?tokenNames@?1??getNameForToken@@YA?AV?$basic_string@DU?$char_traits@D@std@@V?$allocator@D@2@@std@@W4SYMBOL@@@Z@4V?$map@HV?$basic_string@DU?$char_traits@D@std@@V?$allocator@D@2@@std@@U?$less@H@2@V?$allocator@U?$pair@$$CBHV?$basic_string@DU?$char_traits@D@std@@V?$allocator@D@2@@std@@@std@@@2@@3@A 004c05b4     Token.obj
 0003:000035bc       ?$TSS0@?1??getNameForToken@@YA?AV?$basic_string@DU?$char_traits@D@std@@V?$allocator@D@2@@std@@W4SYMBOL@@@Z@4HA 004c05bc     Token.obj
 0003:000035c0       ?reservedWords@?1??lookupReservedWord@@YA?AW4SYMBOL@@ABV?$basic_string@DU?$char_traits@D@std@@V?$allocator@D@2@@std@@@Z@4V?$map@V?$basic_string@DU?$char_traits@D@std@@V?$allocator@D@2@@std@@W4SYMBOL@@U?$less@V?$basic_string@DU?$char_traits@D@std@@V?$allocator@D@2@@std@@@2@V?$allocator@U?$pair@$$CBV?$basic_string@DU?$char_traits@D@std@@V?$allocator@D@2@@std@@W4SYMBOL@@@std@@@2@@4@A 004c05c0     Token.obj
 0003:000035c8       ?$TSS0@?1??lookupReservedWord@@YA?AW4SYMBOL@@ABV?$basic_string@DU?$char_traits@D@std@@V?$allocator@D@2@@std@@@Z@4HA 004c05c8     Token.obj
 0003:000035d0       _win32_timer_alloc         004c05d0     fltk:Fl.obj
 0003:00003610       _free_check                004c0610     fltk:Fl.obj
 0003:0000362c       _s_TimerWnd                004c062c     fltk:Fl.obj
 0003:0000365c       _resize_bug_fix            004c065c     fltk:Fl.obj
 0003:00003660       _next_check                004c0660     fltk:Fl.obj
 0003:00003680       _win32_timers              004c0680     fltk:Fl.obj
 0003:00003688       _thread_message_           004c0688     fltk:Fl.obj
 0003:000036a0       _win32_timer_used          004c06a0     fltk:Fl.obj
 0003:000036a4       _first_check               004c06a4     fltk:Fl.obj
 0003:000036a8       _fdsets                    004c06a8     fltk:Fl.obj
 0003:000039b4       _handlers                  004c09b4     fltk:Fl.obj
 0003:000039b8       _dnd_flag                  004c09b8     fltk:Fl.obj
 0003:000039bc       _track_mouse_win           004c09bc     fltk:Fl.obj
 0003:000039c0       _maxfd                     004c09c0     fltk:Fl.obj
 0003:000039c4       _nfds                      004c09c4     fltk:Fl.obj
 0003:000039c8       _fd_array_size             004c09c8     fltk:Fl.obj
 0003:000039cc       _fd                        004c09cc     fltk:Fl.obj
 0003:000039dc       _win_DC_list               004c09dc     fltk:Fl.obj
 0003:000039e0       _num_dwidgets              004c09e0     fltk:Fl.obj
 0003:000039e4       _alloc_dwidgets            004c09e4     fltk:Fl.obj
 0003:000039e8       _dwidgets                  004c09e8     fltk:Fl.obj
 0003:000039ec       _widget_watch              004c09ec     fltk:Fl.obj
 0003:000039f0       _num_widget_watch          004c09f0     fltk:Fl.obj
 0003:000039f4       _max_widget_watch          004c09f4     fltk:Fl.obj
 0003:000039f8       _win32_at_exit             004c09f8     fltk:Fl.obj
 0003:00003a00       ?in_idle@?1??fl_wait@@YAHN@Z@4DA 004c0a00     fltk:Fl.obj
 0003:00003a01       ?oleInitialized@?EC@??make@Fl_X@@SAPAV2@PAVFl_Window@@@Z@4DA 004c0a01     fltk:Fl.obj
 0003:00003a04       ?first_class_name@?4??make@Fl_X@@SAPAV2@PAVFl_Window@@@Z@4PBDB 004c0a04     fltk:Fl.obj
 0003:00003a08       ?class_name_list@?4??make@Fl_X@@SAPAV2@PAVFl_Window@@@Z@4VNameList@@A 004c0a08     fltk:Fl.obj
 0003:00003a14       ?$S1@?4??make@Fl_X@@SAPAV2@PAVFl_Window@@@Z@4IA 004c0a14     fltk:Fl.obj
 0003:00003a18       ?delta@?GA@??WndProc@@YGJPAUHWND__@@IIJ@Z@4HA 004c0a18     fltk:Fl.obj
 0003:00003a1c       ?buffer@?EF@??WndProc@@YGJPAUHWND__@@IIJ@Z@4PADA 004c0a1c     fltk:Fl.obj
 0003:00003a20       ?py@?1??mouse_event@@YAHPAVFl_Window@@HHIJ@Z@4HA 004c0a20     fltk:Fl.obj
 0003:00003a24       ?pmy@?1??mouse_event@@YAHPAVFl_Window@@HHIJ@Z@4HA 004c0a24     fltk:Fl.obj
 0003:00003a28       ?px@?1??mouse_event@@YAHPAVFl_Window@@HHIJ@Z@4HA 004c0a28     fltk:Fl.obj
 0003:00003a2c       ?pmx@?1??mouse_event@@YAHPAVFl_Window@@HHIJ@Z@4HA 004c0a2c     fltk:Fl.obj
 0003:00003a30       ?extendedlut@?1??ms2fltk@@YAHHH@Z@4PAGA 004c0a30     fltk:Fl.obj
 0003:00003c30       ?vklut@?1??ms2fltk@@YAHHH@Z@4PAGA 004c0c30     fltk:Fl.obj
 0003:00003e30       _obj_tail                  004c0e30     fltk:Fl_Widget.obj
 0003:00003e34       _obj_head                  004c0e34     fltk:Fl_Widget.obj
 0003:00003e38       _obj_queue                 004c0e38     fltk:Fl_Widget.obj
 0003:00003e90       _message                   004c0e90     fltk:fl_ask.obj
 0003:00003e94       _icon                      004c0e94     fltk:fl_ask.obj
 0003:00003e98       _input                     004c0e98     fltk:fl_ask.obj
 0003:00003e9c       _message_form              004c0e9c     fltk:fl_ask.obj
 0003:00003ea0       _button                    004c0ea0     fltk:fl_ask.obj
 0003:00003eb0       _avoidRecursion            004c0eb0     fltk:fl_ask.obj
 0003:00003eb8       _undobuffer                004c0eb8     fltk:Fl_Input_.obj
 0003:00003ebc       _undobufferlength          004c0ebc     fltk:Fl_Input_.obj
 0003:00003ec0       _yankcut                   004c0ec0     fltk:Fl_Input_.obj
 0003:00003ec4       _undoinsert                004c0ec4     fltk:Fl_Input_.obj
 0003:00003ec8       _was_up_down               004c0ec8     fltk:Fl_Input_.obj
 0003:00003ecc       _undocut                   004c0ecc     fltk:Fl_Input_.obj
 0003:00003ed0       _up_down_pos               004c0ed0     fltk:Fl_Input_.obj
 0003:00003ed8       _undoat                    004c0ed8     fltk:Fl_Input_.obj
 0003:00003edc       _undowidget                004c0edc     fltk:Fl_Input_.obj
 0003:00003ee0       _legal_fp_chars            004c0ee0     fltk:Fl_Input.obj
 0003:00003ee4       ?dnd_save_focus@?1??handle@Fl_Input@@UAEHH@Z@4PAVFl_Widget@@A 004c0ee4     fltk:Fl_Input.obj
 0003:00003ee8       ?dnd_save_mark@?1??handle@Fl_Input@@UAEHH@Z@4HA 004c0ee8     fltk:Fl_Input.obj
 0003:00003eec       ?dnd_save_position@?1??handle@Fl_Input@@UAEHH@Z@4HA 004c0eec     fltk:Fl_Input.obj
 0003:00003ef0       ?newpos@?1??handle@Fl_Input@@UAEHH@Z@4HA 004c0ef0     fltk:Fl_Input.obj
 0003:00003ef4       _image_new                 004c0ef4     fltk:Fl_File_Chooser.obj
 0003:00003f20       ?pathname@?1??value@Fl_File_Chooser@@QAEPBDH@Z@4PADA 004c0f20     fltk:Fl_File_Chooser2.obj
 0003:00004328       _fc                        004c1328     fltk:fl_file_dir.obj
 0003:0000432c       _current_callback          004c132c     fltk:fl_file_dir.obj
 0003:00004330       _current_label             004c1330     fltk:fl_file_dir.obj
 0003:00004338       ?retname@?1??fl_file_chooser@@YAPADPBD00H@Z@4PADA 004c1338     fltk:fl_file_dir.obj
 0003:00004738       ?retname@?1??fl_dir_chooser@@YAPADPBD0H@Z@4PADA 004c1738     fltk:fl_file_dir.obj
 0003:00004b38       _scroll_direction          004c1b38     fltk:Fl_Text_Display.obj
 0003:00004b3c       _scroll_amount             004c1b3c     fltk:Fl_Text_Display.obj
 0003:00004b40       _scroll_y                  004c1b40     fltk:Fl_Text_Display.obj
 0003:00004b44       _scroll_x                  004c1b44     fltk:Fl_Text_Display.obj
 0003:00004b4c       _recent_tooltip            004c1b4c     fltk:Fl_Tooltip.obj
 0003:00004b4d       _recursion                 004c1b4d     fltk:Fl_Tooltip.obj
 0003:00004b50       _Y                         004c1b50     fltk:Fl_Tooltip.obj
 0003:00004b54       _tip                       004c1b54     fltk:Fl_Tooltip.obj
 0003:00004b58       _H                         004c1b58     fltk:Fl_Tooltip.obj
 0003:00004b64       _window                    004c1b64     fltk:Fl_Tooltip.obj
 0003:00004b70       ?beenhere@?1??tooltip@Fl_Widget@@QAEXPBD@Z@4DA 004c1b70     fltk:Fl_Tooltip.obj
 0003:00004b78       _measure                   004c1b78     fltk:fl_labeltype.obj
 0003:00004bb8       _rstack                    004c1bb8     fltk:fl_rect.obj
 0003:00004be0       _rstackptr                 004c1be0     fltk:fl_rect.obj
 0003:00004be8       _main_thread               004c1be8     fltk:Fl_lock.obj
 0003:00004c20       _screens                   004c1c20     fltk:screen_xywh.obj
 0003:00004d20       _num_screens               004c1d20     fltk:screen_xywh.obj
 0003:00004d24       _fl_gmi                    004c1d24     fltk:screen_xywh.obj
 0003:0000595c       _tmppen                    004c295c     fltk:fl_color.obj
 0003:00005960       _savepen                   004c2960     fltk:fl_color.obj
 0003:00005964       ?xmap@?1??fl_color@@YAXEEE@Z@4UFl_XMap@@A 004c2964     fltk:fl_color.obj
 0003:00005970       ?brushes@?1??fl_brush_action@@YAPAUHBRUSH__@@H@Z@4PAUFl_Brush@?1??1@YAPAU2@H@Z@A 004c2970     fltk:fl_color.obj
 0003:00005a30       ?beenhere@?1??fl_select_palette@@YAPAUHPALETTE__@@XZ@4DA 004c2a30     fltk:fl_color.obj
 0003:00005a34       _fl_bg_set                 004c2a34     fltk:Fl_get_system_colors.obj
 0003:00005a35       _fl_bg2_set                004c2a35     fltk:Fl_get_system_colors.obj
 0003:00005a36       _fl_fg_set                 004c2a36     fltk:Fl_get_system_colors.obj
 0003:00005a4c       _tile                      004c2a4c     fltk:Fl_get_system_colors.obj
 0003:00005a78       ?e@?BA@??scheme@Fl@@SAHPBD@Z@4PADA 004c2a78     fltk:Fl_get_system_colors.obj
 0003:00005e84       _button                    004c2e84     fltk:Fl_Menu.obj
 0003:00005e88       _p                         004c2e88     fltk:Fl_Menu.obj
 0003:00005e8c       ?dummy@?1??popup@Fl_Menu_Item@@QBEPBU2@HHPBDPBU2@PBVFl_Menu_@@@Z@4U2@A 004c2e8c     fltk:Fl_Menu.obj
 0003:00005ea8       _underline_at              004c2ea8     fltk:fl_draw.obj
 0003:00005eb0       ?buf@?1??fl_shortcut_label@@YAPBDH@Z@4PADA 004c2eb0     fltk:fl_shortcut.obj
 0003:00005ec4       ?offcenter@?BA@??handle@Fl_Slider@@IAEHHHHHH@Z@4HA 004c2ec4     fltk:Fl_Slider.obj
 0003:00005ec8       ?whichway@?DC@??handle@Fl_Browser_@@UAEHH@Z@4DA 004c2ec8     fltk:Fl_Browser_.obj
 0003:00005ec9       ?change@?DC@??handle@Fl_Browser_@@UAEHH@Z@4DA 004c2ec9     fltk:Fl_Browser_.obj
 0003:00005ecc       ?py@?DC@??handle@Fl_Browser_@@UAEHH@Z@4HA 004c2ecc     fltk:Fl_Browser_.obj
 0003:00005ed0       ?inButtonBar@?1??handle@Fl_File_Input@@UAEHH@Z@4DA 004c2ed0     fltk:Fl_File_Input.obj
 0003:00005f58       _pressed_menu_button_      004c2f58     fltk:Fl_Menu_Button.obj
 0003:00005f5c       _fl_alpha_blend            004c2f5c     fltk:Fl_Double_Window.obj
 0003:00005f60       ?can_do@?1??fl_can_do_alpha_blending@@YADXZ@4DA 004c2f60     fltk:Fl_Double_Window.obj
 0003:00005f61       ?been_here@?1??fl_can_do_alpha_blending@@YADXZ@4DA 004c2f61     fltk:Fl_Double_Window.obj
 0003:00005f64       ?sx@?1??handle@Fl_Tile@@UAEHH@Z@4HA 004c2f64     fltk:Fl_Tile.obj
 0003:00005f68       ?sy@?1??handle@Fl_Tile@@UAEHH@Z@4HA 004c2f68     fltk:Fl_Tile.obj
 0003:00005f6c       ?sdrag@?1??handle@Fl_Tile@@UAEHH@Z@4HA 004c2f6c     fltk:Fl_Tile.obj
 0003:00005f70       ?sdy@?1??handle@Fl_Tile@@UAEHH@Z@4HA 004c2f70     fltk:Fl_Tile.obj
 0003:00005f74       ?sdx@?1??handle@Fl_Tile@@UAEHH@Z@4HA 004c2f74     fltk:Fl_Tile.obj
 0003:00005f78       ?cursor@?1??set_cursor@@YAXPAVFl_Tile@@W4Fl_Cursor@@@Z@4W43@A 004c2f78     fltk:Fl_Tile.obj
 0003:00005f7c       _local_array               004c2f7c     fltk:Fl_Menu_add.obj
 0003:00005f80       _local_array_alloc         004c2f80     fltk:Fl_Menu_add.obj
 0003:00005f84       _local_array_size          004c2f84     fltk:Fl_Menu_add.obj
 0003:00005fa4       _undobuffer                004c2fa4     fltk:Fl_Text_Buffer.obj
 0003:00005fa8       _undoyankcut               004c2fa8     fltk:Fl_Text_Buffer.obj
 0003:00005fac       _undobufferlength          004c2fac     fltk:Fl_Text_Buffer.obj
 0003:00005fb0       _undoinsert                004c2fb0     fltk:Fl_Text_Buffer.obj
 0003:00005fb4       _undocut                   004c2fb4     fltk:Fl_Text_Buffer.obj
 0003:00005fb8       _undoat                    004c2fb8     fltk:Fl_Text_Buffer.obj
 0003:00005fbc       _undowidget                004c2fbc     fltk:Fl_Text_Buffer.obj
 0003:00005fc0       _symbols                   004c2fc0     fltk:fl_symbols.obj
 0003:000069a4       ?beenhere@?1??fl_init_symbols@@YAXXZ@4DA 004c39a4     fltk:fl_symbols.obj
 0003:000069a8       ?line_buffer@?CE@??innards@@YAXPBEHHHHHHHP6AXPAXHHHPAE@Z1@Z@4PAIA 004c39a8     fltk:fl_draw_image.obj
 0003:000069ac       ?line_buf_size@?CH@??innards@@YAXPBEHHHHHHHP6AXPAXHHHPAE@Z1@Z@4HA 004c39ac     fltk:fl_draw_image.obj
 0003:000069b0       ?buffer@?BN@??innards@@YAXPBEHHHHHHHP6AXPAXHHHPAE@Z1@Z@4PAIA 004c39b0     fltk:fl_draw_image.obj
 0003:000069b4       ?buffer_size@?CB@??innards@@YAXPBEHHHHHHHP6AXPAXHHHPAE@Z1@Z@4JA 004c39b4     fltk:fl_draw_image.obj
 0003:000069b8       ?bmibuffer@?M@??innards@@YAXPBEHHHHHHHP6AXPAXHHHPAE@Z1@Z@4PAIA 004c39b8     fltk:fl_draw_image.obj
 0003:00006de8       ?dir@?1??dither@@YAXPAEPBEHH@Z@4HA 004c3de8     fltk:fl_draw_image.obj
 0003:00006dec       ?bi@?1??dither@@YAXPAEPBEHH@Z@4HA 004c3dec     fltk:fl_draw_image.obj
 0003:00006df0       ?gi@?1??dither@@YAXPAEPBEHH@Z@4HA 004c3df0     fltk:fl_draw_image.obj
 0003:00006df4       ?ri@?1??dither@@YAXPAEPBEHH@Z@4HA 004c3df4     fltk:fl_draw_image.obj
 0003:00006df8       ?dir@?1??monodither@@YAXPAEPBEHH@Z@4HA 004c3df8     fltk:fl_draw_image.obj
 0003:00006dfc       ?ri@?1??monodither@@YAXPAEPBEHH@Z@4HA 004c3dfc     fltk:fl_draw_image.obj
 0003:00006e00       _gap                       004c3e00     fltk:fl_vertex.obj
 0003:00006e04       _p_size                    004c3e04     fltk:fl_vertex.obj
 0003:00006e08       _numcount                  004c3e08     fltk:fl_vertex.obj
 0003:00006e0c       _n                         004c3e0c     fltk:fl_vertex.obj
 0003:00006e10       _stack                     004c3e10     fltk:fl_vertex.obj
 0003:00007410       _counts                    004c4410     fltk:fl_vertex.obj
 0003:00007460       _what                      004c4460     fltk:fl_vertex.obj
 0003:00007464       _sptr                      004c4464     fltk:fl_vertex.obj
 0003:00007468       _p                         004c4468     fltk:fl_vertex.obj
 0003:00007470       _chars_per_pixel           004c4470     fltk:fl_draw_pixmap.obj
 0003:00007474       _ncolors                   004c4474     fltk:fl_draw_pixmap.obj
 0003:00007479       _SWAP_TYPE                 004c4479     fltkgl:Fl_Gl_Window.obj
 0003:00007480       ?ortho_window@?DC@??flush@Fl_Gl_Window@@UAEXXZ@4PAV2@A 004c4480     fltkgl:Fl_Gl_Window.obj
 0003:00007484       ?ortho_context@?DC@??flush@Fl_Gl_Window@@UAEXXZ@4PAUHGLRC__@@A 004c4484     fltkgl:Fl_Gl_Window.obj
 0003:00007488       _cached_context            004c4488     fltkgl:Fl_Gl_Choice.obj
 0003:0000748c       _cached_window             004c448c     fltkgl:Fl_Gl_Choice.obj
 0003:00007490       _first                     004c4490     fltkgl:Fl_Gl_Choice.obj
 0003:00007494       _context_list              004c4494     fltkgl:Fl_Gl_Choice.obj
 0003:00007498       _nContext                  004c4498     fltkgl:Fl_Gl_Choice.obj
 0003:0000749c       _NContext                  004c449c     fltkgl:Fl_Gl_Choice.obj
 0003:000074a8       ?is_initialized_as_dll@@3_NA 004c44a8     MSVCRT:utility.obj
 0003:000074a9       ?module_local_atexit_table_initialized@@3_NA 004c44a9     MSVCRT:utility.obj
 0003:000074ac       ?module_local_atexit_table@@3U_onexit_table_t@@A 004c44ac     MSVCRT:utility.obj
 0003:000074b8       ?module_local_at_quick_exit_table@@3U_onexit_table_t@@A 004c44b8     MSVCRT:utility.obj
 0003:000074c4       ?_Tss_mutex@@3U_RTL_CRITICAL_SECTION@@A 004c44c4     MSVCRT:thread_safe_statics.obj
 0003:000074dc       ?_Tss_cv@@3U_RTL_CONDITION_VARIABLE@@A 004c44dc     MSVCRT:thread_safe_statics.obj
 0003:000074e0       ?_Tss_event@@3PAXA         004c44e0     MSVCRT:thread_safe_statics.obj
 0003:000074e4       ?encoded_sleep_condition_variable_cs@@3P6GHPAU_RTL_CONDITION_VARIABLE@@PAU_RTL_CRITICAL_SECTION@@K@ZA 004c44e4     MSVCRT:thread_safe_statics.obj
 0003:000074e8       ?encoded_wake_all_condition_variable@@3P6GXPAU_RTL_CONDITION_VARIABLE@@@ZA 004c44e8     MSVCRT:thread_safe_statics.obj
 0003:000074f0       _GS_ExceptionRecord        004c44f0     MSVCRT:gs_report.obj
 0003:00007540       _GS_ContextRecord          004c4540     MSVCRT:gs_report.obj
 0003:00007820       ?_Fac_tidy_reg@std@@3U_Fac_tidy_reg_t@1@B 004c4820     msvcprt:locale0_implib.obj
 0003:00007824       ?_Fac_head@std@@3PAU_Fac_node@1@A 004c4824     msvcprt:locale0_implib.obj
 0004:00000060       $R000000                   004c5060     * linker generated manifest res *
